Archive member included because of file (symbol)

c:/program files/gnu tools arm embedded/4.9 2015q1/bin/../lib/gcc/arm-none-eabi/4.9.3/../../../../arm-none-eabi/lib/armv7e-m\libc.a(lib_a-exit.o)
                              c:/program files/gnu tools arm embedded/4.9 2015q1/bin/../lib/gcc/arm-none-eabi/4.9.3/../../../../arm-none-eabi/lib/armv7e-m/crt0.o (exit)
c:/program files/gnu tools arm embedded/4.9 2015q1/bin/../lib/gcc/arm-none-eabi/4.9.3/../../../../arm-none-eabi/lib/armv7e-m\libc.a(lib_a-impure.o)
                              c:/program files/gnu tools arm embedded/4.9 2015q1/bin/../lib/gcc/arm-none-eabi/4.9.3/../../../../arm-none-eabi/lib/armv7e-m\libc.a(lib_a-exit.o) (_global_impure_ptr)
c:/program files/gnu tools arm embedded/4.9 2015q1/bin/../lib/gcc/arm-none-eabi/4.9.3/../../../../arm-none-eabi/lib/armv7e-m\libc.a(lib_a-init.o)
                              c:/program files/gnu tools arm embedded/4.9 2015q1/bin/../lib/gcc/arm-none-eabi/4.9.3/../../../../arm-none-eabi/lib/armv7e-m/crt0.o (__libc_init_array)
c:/program files/gnu tools arm embedded/4.9 2015q1/bin/../lib/gcc/arm-none-eabi/4.9.3/../../../../arm-none-eabi/lib/armv7e-m\libc.a(lib_a-memset.o)
                              c:/program files/gnu tools arm embedded/4.9 2015q1/bin/../lib/gcc/arm-none-eabi/4.9.3/../../../../arm-none-eabi/lib/armv7e-m/crt0.o (memset)
c:/program files/gnu tools arm embedded/4.9 2015q1/bin/../lib/gcc/arm-none-eabi/4.9.3/../../../../arm-none-eabi/lib/armv7e-m\libc.a(lib_a-__call_atexit.o)
                              c:/program files/gnu tools arm embedded/4.9 2015q1/bin/../lib/gcc/arm-none-eabi/4.9.3/../../../../arm-none-eabi/lib/armv7e-m\libc.a(lib_a-exit.o) (__call_exitprocs)
c:/program files/gnu tools arm embedded/4.9 2015q1/bin/../lib/gcc/arm-none-eabi/4.9.3/../../../../arm-none-eabi/lib/armv7e-m\libc.a(lib_a-atexit.o)
                              c:/program files/gnu tools arm embedded/4.9 2015q1/bin/../lib/gcc/arm-none-eabi/4.9.3/../../../../arm-none-eabi/lib/armv7e-m\libc.a(lib_a-__call_atexit.o) (atexit)
c:/program files/gnu tools arm embedded/4.9 2015q1/bin/../lib/gcc/arm-none-eabi/4.9.3/../../../../arm-none-eabi/lib/armv7e-m\libc.a(lib_a-fini.o)
                              c:/program files/gnu tools arm embedded/4.9 2015q1/bin/../lib/gcc/arm-none-eabi/4.9.3/../../../../arm-none-eabi/lib/armv7e-m\libc.a(lib_a-__call_atexit.o) (__libc_fini_array)
c:/program files/gnu tools arm embedded/4.9 2015q1/bin/../lib/gcc/arm-none-eabi/4.9.3/../../../../arm-none-eabi/lib/armv7e-m\libc.a(lib_a-__atexit.o)
                              c:/program files/gnu tools arm embedded/4.9 2015q1/bin/../lib/gcc/arm-none-eabi/4.9.3/../../../../arm-none-eabi/lib/armv7e-m\libc.a(lib_a-atexit.o) (__register_exitproc)

Discarded input sections

 .text          0x00000000        0x0 c:/program files/gnu tools arm embedded/4.9 2015q1/bin/../lib/gcc/arm-none-eabi/4.9.3/armv7e-m/crti.o
 .data          0x00000000        0x0 c:/program files/gnu tools arm embedded/4.9 2015q1/bin/../lib/gcc/arm-none-eabi/4.9.3/armv7e-m/crti.o
 .bss           0x00000000        0x0 c:/program files/gnu tools arm embedded/4.9 2015q1/bin/../lib/gcc/arm-none-eabi/4.9.3/armv7e-m/crti.o
 .data          0x00000000        0x4 c:/program files/gnu tools arm embedded/4.9 2015q1/bin/../lib/gcc/arm-none-eabi/4.9.3/armv7e-m/crtbegin.o
 .text          0x00000000       0x74 c:/program files/gnu tools arm embedded/4.9 2015q1/bin/../lib/gcc/arm-none-eabi/4.9.3/../../../../arm-none-eabi/lib/armv7e-m/crt0.o
 .data          0x00000000        0x0 c:/program files/gnu tools arm embedded/4.9 2015q1/bin/../lib/gcc/arm-none-eabi/4.9.3/../../../../arm-none-eabi/lib/armv7e-m/crt0.o
 .bss           0x00000000        0x0 c:/program files/gnu tools arm embedded/4.9 2015q1/bin/../lib/gcc/arm-none-eabi/4.9.3/../../../../arm-none-eabi/lib/armv7e-m/crt0.o
 .ARM.extab     0x00000000        0x0 c:/program files/gnu tools arm embedded/4.9 2015q1/bin/../lib/gcc/arm-none-eabi/4.9.3/../../../../arm-none-eabi/lib/armv7e-m/crt0.o
 .ARM.exidx     0x00000000        0x8 c:/program files/gnu tools arm embedded/4.9 2015q1/bin/../lib/gcc/arm-none-eabi/4.9.3/../../../../arm-none-eabi/lib/armv7e-m/crt0.o
 .ARM.attributes
                0x00000000       0x1c c:/program files/gnu tools arm embedded/4.9 2015q1/bin/../lib/gcc/arm-none-eabi/4.9.3/../../../../arm-none-eabi/lib/armv7e-m/crt0.o
 .text          0x00000000        0x0 c:/program files/gnu tools arm embedded/4.9 2015q1/bin/../lib/gcc/arm-none-eabi/4.9.3/../../../../arm-none-eabi/lib/armv7e-m\libc.a(lib_a-exit.o)
 .data          0x00000000        0x0 c:/program files/gnu tools arm embedded/4.9 2015q1/bin/../lib/gcc/arm-none-eabi/4.9.3/../../../../arm-none-eabi/lib/armv7e-m\libc.a(lib_a-exit.o)
 .bss           0x00000000        0x0 c:/program files/gnu tools arm embedded/4.9 2015q1/bin/../lib/gcc/arm-none-eabi/4.9.3/../../../../arm-none-eabi/lib/armv7e-m\libc.a(lib_a-exit.o)
 .text.exit     0x00000000       0x20 c:/program files/gnu tools arm embedded/4.9 2015q1/bin/../lib/gcc/arm-none-eabi/4.9.3/../../../../arm-none-eabi/lib/armv7e-m\libc.a(lib_a-exit.o)
 .debug_frame   0x00000000       0x28 c:/program files/gnu tools arm embedded/4.9 2015q1/bin/../lib/gcc/arm-none-eabi/4.9.3/../../../../arm-none-eabi/lib/armv7e-m\libc.a(lib_a-exit.o)
 .ARM.attributes
                0x00000000       0x2e c:/program files/gnu tools arm embedded/4.9 2015q1/bin/../lib/gcc/arm-none-eabi/4.9.3/../../../../arm-none-eabi/lib/armv7e-m\libc.a(lib_a-exit.o)
 .text          0x00000000        0x0 c:/program files/gnu tools arm embedded/4.9 2015q1/bin/../lib/gcc/arm-none-eabi/4.9.3/../../../../arm-none-eabi/lib/armv7e-m\libc.a(lib_a-impure.o)
 .data          0x00000000        0x0 c:/program files/gnu tools arm embedded/4.9 2015q1/bin/../lib/gcc/arm-none-eabi/4.9.3/../../../../arm-none-eabi/lib/armv7e-m\libc.a(lib_a-impure.o)
 .bss           0x00000000        0x0 c:/program files/gnu tools arm embedded/4.9 2015q1/bin/../lib/gcc/arm-none-eabi/4.9.3/../../../../arm-none-eabi/lib/armv7e-m\libc.a(lib_a-impure.o)
 .data._impure_ptr
                0x00000000        0x4 c:/program files/gnu tools arm embedded/4.9 2015q1/bin/../lib/gcc/arm-none-eabi/4.9.3/../../../../arm-none-eabi/lib/armv7e-m\libc.a(lib_a-impure.o)
 .ARM.attributes
                0x00000000       0x2e c:/program files/gnu tools arm embedded/4.9 2015q1/bin/../lib/gcc/arm-none-eabi/4.9.3/../../../../arm-none-eabi/lib/armv7e-m\libc.a(lib_a-impure.o)
 .text          0x00000000        0x0 c:/program files/gnu tools arm embedded/4.9 2015q1/bin/../lib/gcc/arm-none-eabi/4.9.3/../../../../arm-none-eabi/lib/armv7e-m\libc.a(lib_a-init.o)
 .data          0x00000000        0x0 c:/program files/gnu tools arm embedded/4.9 2015q1/bin/../lib/gcc/arm-none-eabi/4.9.3/../../../../arm-none-eabi/lib/armv7e-m\libc.a(lib_a-init.o)
 .bss           0x00000000        0x0 c:/program files/gnu tools arm embedded/4.9 2015q1/bin/../lib/gcc/arm-none-eabi/4.9.3/../../../../arm-none-eabi/lib/armv7e-m\libc.a(lib_a-init.o)
 .debug_frame   0x00000000       0x2c c:/program files/gnu tools arm embedded/4.9 2015q1/bin/../lib/gcc/arm-none-eabi/4.9.3/../../../../arm-none-eabi/lib/armv7e-m\libc.a(lib_a-init.o)
 .ARM.attributes
                0x00000000       0x2e c:/program files/gnu tools arm embedded/4.9 2015q1/bin/../lib/gcc/arm-none-eabi/4.9.3/../../../../arm-none-eabi/lib/armv7e-m\libc.a(lib_a-init.o)
 .text          0x00000000        0x0 c:/program files/gnu tools arm embedded/4.9 2015q1/bin/../lib/gcc/arm-none-eabi/4.9.3/../../../../arm-none-eabi/lib/armv7e-m\libc.a(lib_a-memset.o)
 .data          0x00000000        0x0 c:/program files/gnu tools arm embedded/4.9 2015q1/bin/../lib/gcc/arm-none-eabi/4.9.3/../../../../arm-none-eabi/lib/armv7e-m\libc.a(lib_a-memset.o)
 .bss           0x00000000        0x0 c:/program files/gnu tools arm embedded/4.9 2015q1/bin/../lib/gcc/arm-none-eabi/4.9.3/../../../../arm-none-eabi/lib/armv7e-m\libc.a(lib_a-memset.o)
 .text.memset   0x00000000       0x9c c:/program files/gnu tools arm embedded/4.9 2015q1/bin/../lib/gcc/arm-none-eabi/4.9.3/../../../../arm-none-eabi/lib/armv7e-m\libc.a(lib_a-memset.o)
 .debug_frame   0x00000000       0x34 c:/program files/gnu tools arm embedded/4.9 2015q1/bin/../lib/gcc/arm-none-eabi/4.9.3/../../../../arm-none-eabi/lib/armv7e-m\libc.a(lib_a-memset.o)
 .ARM.attributes
                0x00000000       0x2e c:/program files/gnu tools arm embedded/4.9 2015q1/bin/../lib/gcc/arm-none-eabi/4.9.3/../../../../arm-none-eabi/lib/armv7e-m\libc.a(lib_a-memset.o)
 .text          0x00000000        0x0 c:/program files/gnu tools arm embedded/4.9 2015q1/bin/../lib/gcc/arm-none-eabi/4.9.3/../../../../arm-none-eabi/lib/armv7e-m\libc.a(lib_a-__call_atexit.o)
 .data          0x00000000        0x0 c:/program files/gnu tools arm embedded/4.9 2015q1/bin/../lib/gcc/arm-none-eabi/4.9.3/../../../../arm-none-eabi/lib/armv7e-m\libc.a(lib_a-__call_atexit.o)
 .bss           0x00000000        0x0 c:/program files/gnu tools arm embedded/4.9 2015q1/bin/../lib/gcc/arm-none-eabi/4.9.3/../../../../arm-none-eabi/lib/armv7e-m\libc.a(lib_a-__call_atexit.o)
 .text.__call_exitprocs
                0x00000000       0xd4 c:/program files/gnu tools arm embedded/4.9 2015q1/bin/../lib/gcc/arm-none-eabi/4.9.3/../../../../arm-none-eabi/lib/armv7e-m\libc.a(lib_a-__call_atexit.o)
 .debug_frame   0x00000000       0x50 c:/program files/gnu tools arm embedded/4.9 2015q1/bin/../lib/gcc/arm-none-eabi/4.9.3/../../../../arm-none-eabi/lib/armv7e-m\libc.a(lib_a-__call_atexit.o)
 .ARM.attributes
                0x00000000       0x2e c:/program files/gnu tools arm embedded/4.9 2015q1/bin/../lib/gcc/arm-none-eabi/4.9.3/../../../../arm-none-eabi/lib/armv7e-m\libc.a(lib_a-__call_atexit.o)
 .text          0x00000000        0x0 c:/program files/gnu tools arm embedded/4.9 2015q1/bin/../lib/gcc/arm-none-eabi/4.9.3/../../../../arm-none-eabi/lib/armv7e-m\libc.a(lib_a-atexit.o)
 .data          0x00000000        0x0 c:/program files/gnu tools arm embedded/4.9 2015q1/bin/../lib/gcc/arm-none-eabi/4.9.3/../../../../arm-none-eabi/lib/armv7e-m\libc.a(lib_a-atexit.o)
 .bss           0x00000000        0x0 c:/program files/gnu tools arm embedded/4.9 2015q1/bin/../lib/gcc/arm-none-eabi/4.9.3/../../../../arm-none-eabi/lib/armv7e-m\libc.a(lib_a-atexit.o)
 .debug_frame   0x00000000       0x20 c:/program files/gnu tools arm embedded/4.9 2015q1/bin/../lib/gcc/arm-none-eabi/4.9.3/../../../../arm-none-eabi/lib/armv7e-m\libc.a(lib_a-atexit.o)
 .ARM.attributes
                0x00000000       0x2e c:/program files/gnu tools arm embedded/4.9 2015q1/bin/../lib/gcc/arm-none-eabi/4.9.3/../../../../arm-none-eabi/lib/armv7e-m\libc.a(lib_a-atexit.o)
 .text          0x00000000        0x0 c:/program files/gnu tools arm embedded/4.9 2015q1/bin/../lib/gcc/arm-none-eabi/4.9.3/../../../../arm-none-eabi/lib/armv7e-m\libc.a(lib_a-fini.o)
 .data          0x00000000        0x0 c:/program files/gnu tools arm embedded/4.9 2015q1/bin/../lib/gcc/arm-none-eabi/4.9.3/../../../../arm-none-eabi/lib/armv7e-m\libc.a(lib_a-fini.o)
 .bss           0x00000000        0x0 c:/program files/gnu tools arm embedded/4.9 2015q1/bin/../lib/gcc/arm-none-eabi/4.9.3/../../../../arm-none-eabi/lib/armv7e-m\libc.a(lib_a-fini.o)
 .debug_frame   0x00000000       0x34 c:/program files/gnu tools arm embedded/4.9 2015q1/bin/../lib/gcc/arm-none-eabi/4.9.3/../../../../arm-none-eabi/lib/armv7e-m\libc.a(lib_a-fini.o)
 .ARM.attributes
                0x00000000       0x2e c:/program files/gnu tools arm embedded/4.9 2015q1/bin/../lib/gcc/arm-none-eabi/4.9.3/../../../../arm-none-eabi/lib/armv7e-m\libc.a(lib_a-fini.o)
 .text          0x00000000        0x0 c:/program files/gnu tools arm embedded/4.9 2015q1/bin/../lib/gcc/arm-none-eabi/4.9.3/../../../../arm-none-eabi/lib/armv7e-m\libc.a(lib_a-__atexit.o)
 .data          0x00000000        0x0 c:/program files/gnu tools arm embedded/4.9 2015q1/bin/../lib/gcc/arm-none-eabi/4.9.3/../../../../arm-none-eabi/lib/armv7e-m\libc.a(lib_a-__atexit.o)
 .bss           0x00000000        0x0 c:/program files/gnu tools arm embedded/4.9 2015q1/bin/../lib/gcc/arm-none-eabi/4.9.3/../../../../arm-none-eabi/lib/armv7e-m\libc.a(lib_a-__atexit.o)
 .debug_frame   0x00000000       0x34 c:/program files/gnu tools arm embedded/4.9 2015q1/bin/../lib/gcc/arm-none-eabi/4.9.3/../../../../arm-none-eabi/lib/armv7e-m\libc.a(lib_a-__atexit.o)
 .ARM.attributes
                0x00000000       0x2e c:/program files/gnu tools arm embedded/4.9 2015q1/bin/../lib/gcc/arm-none-eabi/4.9.3/../../../../arm-none-eabi/lib/armv7e-m\libc.a(lib_a-__atexit.o)
 .text          0x00000000        0x0 ..\obj\assembly.o
 .data          0x00000000        0x0 ..\obj\assembly.o
 .bss           0x00000000        0x0 ..\obj\assembly.o
 .data          0x00000000        0x0 ..\obj\ButtonSM.o
 .bss           0x00000000        0x0 ..\obj\ButtonSM.o
 .data          0x00000000        0x0 ..\obj\stm32f4xx_hal_cortex.o
 .bss           0x00000000        0x0 ..\obj\stm32f4xx_hal_cortex.o
 .data          0x00000000        0x0 ..\obj\Button.o
 .bss           0x00000000        0x0 ..\obj\Button.o
 .bss           0x00000000        0x0 ..\obj\system_stm32f4xx.o
 .data          0x00000000        0x0 ..\obj\stm32f4xx_hal.o
 .text          0x00000000     0x3f3c ..\obj\stm32f4xx_hal_tim.o
 .data          0x00000000        0x0 ..\obj\stm32f4xx_hal_tim.o
 .bss           0x00000000        0x0 ..\obj\stm32f4xx_hal_tim.o
 .debug_info    0x00000000     0x215e ..\obj\stm32f4xx_hal_tim.o
 .debug_abbrev  0x00000000      0x204 ..\obj\stm32f4xx_hal_tim.o
 .debug_aranges
                0x00000000       0x20 ..\obj\stm32f4xx_hal_tim.o
 .debug_line    0x00000000      0xef8 ..\obj\stm32f4xx_hal_tim.o
 .debug_str     0x00000000     0x13a2 ..\obj\stm32f4xx_hal_tim.o
 .comment       0x00000000       0x71 ..\obj\stm32f4xx_hal_tim.o
 .debug_frame   0x00000000      0xfd0 ..\obj\stm32f4xx_hal_tim.o
 .ARM.attributes
                0x00000000       0x33 ..\obj\stm32f4xx_hal_tim.o
 .data          0x00000000        0x0 ..\obj\Time.o
 .data          0x00000000        0x0 ..\obj\stm32f4xx_it.o
 .bss           0x00000000        0x0 ..\obj\stm32f4xx_it.o
 .data          0x00000000        0x0 ..\obj\stm32f4xx_hal_gpio.o
 .bss           0x00000000        0x0 ..\obj\stm32f4xx_hal_gpio.o
 .data          0x00000000        0x0 ..\obj\LedSM.o
 .bss           0x00000000        0x0 ..\obj\LedSM.o
 .data          0x00000000        0x0 ..\obj\stm32f4xx_hal_rcc.o
 .bss           0x00000000        0x0 ..\obj\stm32f4xx_hal_rcc.o
 .text          0x00000000       0x14 ..\obj\startup_stm32f429xx.o
 .data          0x00000000        0x0 ..\obj\startup_stm32f429xx.o
 .bss           0x00000000        0x0 ..\obj\startup_stm32f429xx.o
 .text          0x00000000        0x0 ..\obj\Message.o
 .data          0x00000000        0x0 ..\obj\Message.o
 .data          0x00000000        0x0 ..\obj\main.o
 .bss           0x00000000        0x0 ..\obj\main.o
 .text          0x00000000        0x0 c:/program files/gnu tools arm embedded/4.9 2015q1/bin/../lib/gcc/arm-none-eabi/4.9.3/armv7e-m/crtend.o
 .data          0x00000000        0x0 c:/program files/gnu tools arm embedded/4.9 2015q1/bin/../lib/gcc/arm-none-eabi/4.9.3/armv7e-m/crtend.o
 .bss           0x00000000        0x0 c:/program files/gnu tools arm embedded/4.9 2015q1/bin/../lib/gcc/arm-none-eabi/4.9.3/armv7e-m/crtend.o
 .eh_frame      0x00000000        0x4 c:/program files/gnu tools arm embedded/4.9 2015q1/bin/../lib/gcc/arm-none-eabi/4.9.3/armv7e-m/crtend.o
 .jcr           0x00000000        0x4 c:/program files/gnu tools arm embedded/4.9 2015q1/bin/../lib/gcc/arm-none-eabi/4.9.3/armv7e-m/crtend.o
 .ARM.attributes
                0x00000000       0x2e c:/program files/gnu tools arm embedded/4.9 2015q1/bin/../lib/gcc/arm-none-eabi/4.9.3/armv7e-m/crtend.o
 .text          0x00000000        0x0 c:/program files/gnu tools arm embedded/4.9 2015q1/bin/../lib/gcc/arm-none-eabi/4.9.3/armv7e-m/crtn.o
 .data          0x00000000        0x0 c:/program files/gnu tools arm embedded/4.9 2015q1/bin/../lib/gcc/arm-none-eabi/4.9.3/armv7e-m/crtn.o
 .bss           0x00000000        0x0 c:/program files/gnu tools arm embedded/4.9 2015q1/bin/../lib/gcc/arm-none-eabi/4.9.3/armv7e-m/crtn.o

Memory Configuration

Name             Origin             Length             Attributes
FLASH            0x08000000         0x00100000         xr
RAM              0x20000000         0x00020000         xrw
CCMRAM           0x10000000         0x00010000         rw
*default*        0x00000000         0xffffffff

Linker script and memory map

LOAD c:/program files/gnu tools arm embedded/4.9 2015q1/bin/../lib/gcc/arm-none-eabi/4.9.3/armv7e-m/crti.o
LOAD c:/program files/gnu tools arm embedded/4.9 2015q1/bin/../lib/gcc/arm-none-eabi/4.9.3/armv7e-m/crtbegin.o
LOAD c:/program files/gnu tools arm embedded/4.9 2015q1/bin/../lib/gcc/arm-none-eabi/4.9.3/../../../../arm-none-eabi/lib/armv7e-m/crt0.o
                0x2001ffff                _estack = 0x2001ffff
                0x00000200                _Min_Heap_Size = 0x200
                0x00000400                _Min_Stack_Size = 0x400

.isr_vector     0x08000000      0x1ac
                0x08000000                . = ALIGN (0x4)
 *(.isr_vector)
 .isr_vector    0x08000000      0x1ac ..\obj\startup_stm32f429xx.o
                0x08000000                g_pfnVectors
                0x080001ac                . = ALIGN (0x4)

.text           0x080001ac     0x24b4
                0x080001ac                . = ALIGN (0x4)
 *(.text)
 .text          0x080001ac       0x5c c:/program files/gnu tools arm embedded/4.9 2015q1/bin/../lib/gcc/arm-none-eabi/4.9.3/armv7e-m/crtbegin.o
 .text          0x08000208       0x74 ..\obj\ButtonSM.o
                0x08000208                buttonInitData
                0x08000220                buttonSM
 .text          0x0800027c      0x544 ..\obj\stm32f4xx_hal_cortex.o
                0x08000610                HAL_NVIC_SetPriorityGrouping
                0x08000624                HAL_NVIC_SetPriority
                0x0800065c                HAL_NVIC_EnableIRQ
                0x08000678                HAL_NVIC_DisableIRQ
                0x08000694                HAL_NVIC_SystemReset
                0x080006a0                HAL_SYSTICK_Config
                0x080006b8                HAL_NVIC_GetPriorityGrouping
                0x080006c8                HAL_NVIC_GetPriority
                0x080006f8                HAL_NVIC_SetPendingIRQ
                0x08000714                HAL_NVIC_GetPendingIRQ
                0x08000734                HAL_NVIC_ClearPendingIRQ
                0x08000750                HAL_NVIC_GetActive
                0x08000770                HAL_SYSTICK_CLKSourceConfig
                0x080007a8                HAL_SYSTICK_IRQHandler
                0x080007b4                HAL_SYSTICK_Callback
 .text          0x080007c0       0x2c ..\obj\Button.o
                0x080007c0                initUserButton
 .text          0x080007ec      0x154 ..\obj\system_stm32f4xx.o
                0x080007ec                SystemInit
                0x08000848                SystemCoreClockUpdate
 .text          0x08000940      0x368 ..\obj\stm32f4xx_hal.o
                0x08000940                HAL_Init
                0x08000978                HAL_DeInit
                0x080009d0                HAL_MspInit
                0x080009dc                HAL_MspDeInit
                0x080009e8                HAL_InitTick
                0x08000a20                HAL_IncTick
                0x08000a3c                HAL_GetTick
                0x08000a54                HAL_Delay
                0x08000a80                HAL_SuspendTick
                0x08000a9c                HAL_ResumeTick
                0x08000ab8                HAL_GetHalVersion
                0x08000acc                HAL_GetREVID
                0x08000ae4                HAL_GetDEVID
                0x08000b00                HAL_DBGMCU_EnableDBGSleepMode
                0x08000b1c                HAL_DBGMCU_DisableDBGSleepMode
                0x08000b38                HAL_DBGMCU_EnableDBGStopMode
                0x08000b54                HAL_DBGMCU_DisableDBGStopMode
                0x08000b70                HAL_DBGMCU_EnableDBGStandbyMode
                0x08000b8c                HAL_DBGMCU_DisableDBGStandbyMode
                0x08000ba8                HAL_EnableCompensationCell
                0x08000be8                HAL_DisableCompensationCell
                0x08000c28                HAL_EnableMemorySwappingBank
                0x08000c68                HAL_DisableMemorySwappingBank
 .text          0x08000ca8       0xb0 ..\obj\Time.o
                0x08000ca8                updateTime
                0x08000ce0                getCurrentTime
                0x08000cf0                delay
                0x08000d24                isTimerExpire
 .text          0x08000d58       0x5c ..\obj\stm32f4xx_it.o
                0x08000d58                NMI_Handler
                0x08000d64                HardFault_Handler
                0x08000d6c                MemManage_Handler
                0x08000d74                BusFault_Handler
                0x08000d7c                UsageFault_Handler
                0x08000d84                SVC_Handler
                0x08000d90                DebugMon_Handler
                0x08000d9c                PendSV_Handler
                0x08000da8                SysTick_Handler
 .text          0x08000db4      0x674 ..\obj\stm32f4xx_hal_gpio.o
                0x08000db4                HAL_GPIO_Init
                0x080010fc                HAL_GPIO_DeInit
                0x08001310                HAL_GPIO_ReadPin
                0x08001340                HAL_GPIO_WritePin
                0x08001370                HAL_GPIO_TogglePin
                0x08001394                HAL_GPIO_LockPin
                0x080013e4                HAL_GPIO_EXTI_IRQHandler
                0x08001414                HAL_GPIO_EXTI_Callback
 .text          0x08001428      0x120 ..\obj\LedSM.o
                0x08001428                ledInitData
                0x08001448                ledSM
 .text          0x08001548      0xd74 ..\obj\stm32f4xx_hal_rcc.o
                0x08001548                HAL_RCC_DeInit
                0x080015c0                HAL_RCC_OscConfig
                0x08001a78                HAL_RCC_ClockConfig
                0x08001d94                HAL_RCC_MCOConfig
                0x08001e58                HAL_RCC_EnableCSS
                0x08001e70                HAL_RCC_DisableCSS
                0x08001e88                HAL_RCC_GetSysClockFreq
                0x08001fa0                HAL_RCC_GetHCLKFreq
                0x08001ff8                HAL_RCC_GetPCLK1Freq
                0x08002044                HAL_RCC_GetPCLK2Freq
                0x08002090                HAL_RCC_GetOscConfig
                0x0800222c                HAL_RCC_GetClockConfig
                0x0800228c                HAL_RCC_NMI_IRQHandler
                0x080022b0                HAL_RCC_CSSCallback
 .text          0x080022bc      0x1e0 ..\obj\main.o
                0x08002354                main
                0x08002474                initSysTick
 *(.text*)
 .text.__libc_init_array
                0x0800249c       0x50 c:/program files/gnu tools arm embedded/4.9 2015q1/bin/../lib/gcc/arm-none-eabi/4.9.3/../../../../arm-none-eabi/lib/armv7e-m\libc.a(lib_a-init.o)
                0x0800249c                __libc_init_array
 .text.startup.register_fini
                0x080024ec       0x14 c:/program files/gnu tools arm embedded/4.9 2015q1/bin/../lib/gcc/arm-none-eabi/4.9.3/../../../../arm-none-eabi/lib/armv7e-m\libc.a(lib_a-__call_atexit.o)
 .text.atexit   0x08002500        0xc c:/program files/gnu tools arm embedded/4.9 2015q1/bin/../lib/gcc/arm-none-eabi/4.9.3/../../../../arm-none-eabi/lib/armv7e-m\libc.a(lib_a-atexit.o)
                0x08002500                atexit
 .text.__libc_fini_array
                0x0800250c       0x2c c:/program files/gnu tools arm embedded/4.9 2015q1/bin/../lib/gcc/arm-none-eabi/4.9.3/../../../../arm-none-eabi/lib/armv7e-m\libc.a(lib_a-fini.o)
                0x0800250c                __libc_fini_array
 .text.__register_exitproc
                0x08002538       0xa4 c:/program files/gnu tools arm embedded/4.9 2015q1/bin/../lib/gcc/arm-none-eabi/4.9.3/../../../../arm-none-eabi/lib/armv7e-m\libc.a(lib_a-__atexit.o)
                0x08002538                __register_exitproc
 .text.testFunc
                0x080025dc       0x18 ..\obj\assembly.o
                0x080025dc                testFunc
 .text.Reset_Handler
                0x080025f4       0x50 ..\obj\startup_stm32f429xx.o
                0x080025f4                Reset_Handler
 .text.Default_Handler
                0x08002644        0x2 ..\obj\startup_stm32f429xx.o
                0x08002644                RTC_Alarm_IRQHandler
                0x08002644                HASH_RNG_IRQHandler
                0x08002644                EXTI2_IRQHandler
                0x08002644                TIM8_CC_IRQHandler
                0x08002644                UART8_IRQHandler
                0x08002644                SPI4_IRQHandler
                0x08002644                TIM1_CC_IRQHandler
                0x08002644                DMA2_Stream5_IRQHandler
                0x08002644                DMA1_Stream5_IRQHandler
                0x08002644                PVD_IRQHandler
                0x08002644                SDIO_IRQHandler
                0x08002644                TAMP_STAMP_IRQHandler
                0x08002644                CAN2_RX1_IRQHandler
                0x08002644                EXTI3_IRQHandler
                0x08002644                TIM8_TRG_COM_TIM14_IRQHandler
                0x08002644                TIM1_UP_TIM10_IRQHandler
                0x08002644                TIM8_UP_TIM13_IRQHandler
                0x08002644                I2C3_ER_IRQHandler
                0x08002644                EXTI0_IRQHandler
                0x08002644                I2C2_EV_IRQHandler
                0x08002644                DMA1_Stream2_IRQHandler
                0x08002644                CAN1_RX0_IRQHandler
                0x08002644                FPU_IRQHandler
                0x08002644                OTG_HS_WKUP_IRQHandler
                0x08002644                LTDC_ER_IRQHandler
                0x08002644                CAN2_SCE_IRQHandler
                0x08002644                DMA2_Stream2_IRQHandler
                0x08002644                SPI1_IRQHandler
                0x08002644                TIM6_DAC_IRQHandler
                0x08002644                TIM1_BRK_TIM9_IRQHandler
                0x08002644                DCMI_IRQHandler
                0x08002644                CAN2_RX0_IRQHandler
                0x08002644                DMA2_Stream3_IRQHandler
                0x08002644                USART6_IRQHandler
                0x08002644                USART3_IRQHandler
                0x08002644                CAN1_RX1_IRQHandler
                0x08002644                UART5_IRQHandler
                0x08002644                DMA2_Stream0_IRQHandler
                0x08002644                TIM4_IRQHandler
                0x08002644                I2C1_EV_IRQHandler
                0x08002644                DMA1_Stream6_IRQHandler
                0x08002644                DMA1_Stream1_IRQHandler
                0x08002644                UART4_IRQHandler
                0x08002644                TIM3_IRQHandler
                0x08002644                RCC_IRQHandler
                0x08002644                TIM8_BRK_TIM12_IRQHandler
                0x08002644                Default_Handler
                0x08002644                EXTI15_10_IRQHandler
                0x08002644                ADC_IRQHandler
                0x08002644                DMA1_Stream7_IRQHandler
                0x08002644                SPI5_IRQHandler
                0x08002644                TIM7_IRQHandler
                0x08002644                CAN2_TX_IRQHandler
                0x08002644                TIM5_IRQHandler
                0x08002644                DMA2_Stream7_IRQHandler
                0x08002644                I2C3_EV_IRQHandler
                0x08002644                EXTI9_5_IRQHandler
                0x08002644                RTC_WKUP_IRQHandler
                0x08002644                LTDC_IRQHandler
                0x08002644                ETH_WKUP_IRQHandler
                0x08002644                SPI2_IRQHandler
                0x08002644                OTG_HS_EP1_IN_IRQHandler
                0x08002644                DMA1_Stream0_IRQHandler
                0x08002644                CAN1_TX_IRQHandler
                0x08002644                EXTI4_IRQHandler
                0x08002644                ETH_IRQHandler
                0x08002644                OTG_HS_EP1_OUT_IRQHandler
                0x08002644                WWDG_IRQHandler
                0x08002644                SPI6_IRQHandler
                0x08002644                TIM2_IRQHandler
                0x08002644                OTG_FS_WKUP_IRQHandler
                0x08002644                TIM1_TRG_COM_TIM11_IRQHandler
                0x08002644                OTG_HS_IRQHandler
                0x08002644                DMA2D_IRQHandler
                0x08002644                EXTI1_IRQHandler
                0x08002644                UART7_IRQHandler
                0x08002644                USART2_IRQHandler
                0x08002644                I2C2_ER_IRQHandler
                0x08002644                DMA2_Stream1_IRQHandler
                0x08002644                CAN1_SCE_IRQHandler
                0x08002644                FLASH_IRQHandler
                0x08002644                DMA2_Stream4_IRQHandler
                0x08002644                USART1_IRQHandler
                0x08002644                OTG_FS_IRQHandler
                0x08002644                SPI3_IRQHandler
                0x08002644                DMA1_Stream4_IRQHandler
                0x08002644                I2C1_ER_IRQHandler
                0x08002644                FMC_IRQHandler
                0x08002644                DMA2_Stream6_IRQHandler
                0x08002644                SAI1_IRQHandler
                0x08002644                DMA1_Stream3_IRQHandler
 *(.glue_7)
 .glue_7        0x00000000        0x0 linker stubs
 *(.glue_7t)
 .glue_7t       0x00000000        0x0 linker stubs
 *(.eh_frame)
 *fill*         0x08002646        0x2 
 .eh_frame      0x08002648        0x0 c:/program files/gnu tools arm embedded/4.9 2015q1/bin/../lib/gcc/arm-none-eabi/4.9.3/armv7e-m/crtbegin.o
 *(.init)
 .init          0x08002648        0x4 c:/program files/gnu tools arm embedded/4.9 2015q1/bin/../lib/gcc/arm-none-eabi/4.9.3/armv7e-m/crti.o
                0x08002648                _init
 .init          0x0800264c        0x8 c:/program files/gnu tools arm embedded/4.9 2015q1/bin/../lib/gcc/arm-none-eabi/4.9.3/armv7e-m/crtn.o
 *(.fini)
 .fini          0x08002654        0x4 c:/program files/gnu tools arm embedded/4.9 2015q1/bin/../lib/gcc/arm-none-eabi/4.9.3/armv7e-m/crti.o
                0x08002654                _fini
 .fini          0x08002658        0x8 c:/program files/gnu tools arm embedded/4.9 2015q1/bin/../lib/gcc/arm-none-eabi/4.9.3/armv7e-m/crtn.o
                0x08002660                . = ALIGN (0x4)
                0x08002660                _etext = .

.vfp11_veneer   0x08002660        0x0
 .vfp11_veneer  0x00000000        0x0 linker stubs

.v4_bx          0x08002660        0x0
 .v4_bx         0x00000000        0x0 linker stubs

.iplt           0x08002660        0x0
 .iplt          0x00000000        0x0 c:/program files/gnu tools arm embedded/4.9 2015q1/bin/../lib/gcc/arm-none-eabi/4.9.3/armv7e-m/crtbegin.o

.rodata         0x08002660       0x18
                0x08002660                . = ALIGN (0x4)
 *(.rodata)
 .rodata        0x08002660       0x10 ..\obj\stm32f4xx_hal_rcc.o
                0x08002660                APBAHBPrescTable
 *(.rodata*)
 .rodata.str1.4
                0x08002670        0x4 c:/program files/gnu tools arm embedded/4.9 2015q1/bin/../lib/gcc/arm-none-eabi/4.9.3/../../../../arm-none-eabi/lib/armv7e-m\libc.a(lib_a-impure.o)
 .rodata._global_impure_ptr
                0x08002674        0x4 c:/program files/gnu tools arm embedded/4.9 2015q1/bin/../lib/gcc/arm-none-eabi/4.9.3/../../../../arm-none-eabi/lib/armv7e-m\libc.a(lib_a-impure.o)
                0x08002674                _global_impure_ptr
                0x08002678                . = ALIGN (0x4)

.rel.dyn        0x08002678        0x0
 .rel.iplt      0x00000000        0x0 c:/program files/gnu tools arm embedded/4.9 2015q1/bin/../lib/gcc/arm-none-eabi/4.9.3/armv7e-m/crtbegin.o

.ARM.extab
 *(.ARM.extab* .gnu.linkonce.armextab.*)

.ARM            0x08002678        0x0
                0x08002678                __exidx_start = .
 *(.ARM.exidx*)
                0x08002678                __exidx_end = .

.preinit_array  0x08002678        0x0
                0x08002678                PROVIDE (__preinit_array_start, .)
 *(.preinit_array*)
                0x08002678                PROVIDE (__preinit_array_end, .)

.init_array     0x08002678        0x8
                0x08002678                PROVIDE (__init_array_start, .)
 *(SORT(.init_array.*))
 .init_array.00000
                0x08002678        0x4 c:/program files/gnu tools arm embedded/4.9 2015q1/bin/../lib/gcc/arm-none-eabi/4.9.3/../../../../arm-none-eabi/lib/armv7e-m\libc.a(lib_a-__call_atexit.o)
 *(.init_array*)
 .init_array    0x0800267c        0x4 c:/program files/gnu tools arm embedded/4.9 2015q1/bin/../lib/gcc/arm-none-eabi/4.9.3/armv7e-m/crtbegin.o
                0x08002680                PROVIDE (__init_array_end, .)

.fini_array     0x08002680        0x4
                0x08002680                PROVIDE (__fini_array_start, .)
 *(SORT(.fini_array.*))
 *(.fini_array*)
 .fini_array    0x08002680        0x4 c:/program files/gnu tools arm embedded/4.9 2015q1/bin/../lib/gcc/arm-none-eabi/4.9.3/armv7e-m/crtbegin.o
                0x08002684                PROVIDE (__fini_array_end, .)
                0x08002684                _sidata = LOADADDR (.data)

.data           0x20000000      0x440 load address 0x08002684
                0x20000000                . = ALIGN (0x4)
                0x20000000                _sdata = .
 *(.data)
 .data          0x20000000       0x14 ..\obj\system_stm32f4xx.o
                0x20000000                SystemCoreClock
                0x20000004                AHBPrescTable
 *(.data*)
 *fill*         0x20000014        0x4 
 .data.impure_data
                0x20000018      0x428 c:/program files/gnu tools arm embedded/4.9 2015q1/bin/../lib/gcc/arm-none-eabi/4.9.3/../../../../arm-none-eabi/lib/armv7e-m\libc.a(lib_a-impure.o)
                0x20000440                . = ALIGN (0x4)
                0x20000440                _edata = .
                0x08002ac4                _siccmram = LOADADDR (.ccmram)

.jcr            0x20000440        0x0 load address 0x08002ac4
 .jcr           0x20000440        0x0 c:/program files/gnu tools arm embedded/4.9 2015q1/bin/../lib/gcc/arm-none-eabi/4.9.3/armv7e-m/crtbegin.o

.igot.plt       0x20000440        0x0 load address 0x08002ac4
 .igot.plt      0x00000000        0x0 c:/program files/gnu tools arm embedded/4.9 2015q1/bin/../lib/gcc/arm-none-eabi/4.9.3/armv7e-m/crtbegin.o

.ccmram         0x10000000        0x0 load address 0x08002ac4
                0x10000000                . = ALIGN (0x4)
                0x10000000                _sccmram = .
 *(.ccmram)
 *(.ccmram*)
                0x10000000                . = ALIGN (0x4)
                0x10000000                _eccmram = .
                0x10000000                . = ALIGN (0x4)

.bss            0x20000440       0x30
                0x20000440                _sbss = .
                0x20000440                __bss_start__ = _sbss
 *(.bss)
 .bss           0x20000440       0x1c c:/program files/gnu tools arm embedded/4.9 2015q1/bin/../lib/gcc/arm-none-eabi/4.9.3/armv7e-m/crtbegin.o
 .bss           0x2000045c        0x4 ..\obj\stm32f4xx_hal.o
 .bss           0x20000460        0xc ..\obj\Time.o
                0x20000460                counter
                0x20000464                currentTime
 .bss           0x2000046c        0x1 ..\obj\Message.o
                0x2000046c                msg
 *(.bss*)
 *(COMMON)
                0x20000470                . = ALIGN (0x4)
 *fill*         0x2000046d        0x3 
                0x20000470                _ebss = .
                0x20000470                __bss_end__ = _ebss

._user_heap_stack
                0x20000470      0x600
                0x20000470                . = ALIGN (0x4)
                0x20000470                PROVIDE (end, .)
                0x20000470                PROVIDE (_end, .)
                0x20000670                . = (. + _Min_Heap_Size)
 *fill*         0x20000470      0x200 
                0x20000a70                . = (. + _Min_Stack_Size)
 *fill*         0x20000670      0x400 
                0x20000a70                . = ALIGN (0x4)

/DISCARD/
 libc.a(*)
 libm.a(*)
 libgcc.a(*)

.ARM.attributes
                0x00000000       0x2a
 *(.ARM.attributes)
 .ARM.attributes
                0x00000000       0x1e c:/program files/gnu tools arm embedded/4.9 2015q1/bin/../lib/gcc/arm-none-eabi/4.9.3/armv7e-m/crti.o
 .ARM.attributes
                0x0000001e       0x2e c:/program files/gnu tools arm embedded/4.9 2015q1/bin/../lib/gcc/arm-none-eabi/4.9.3/armv7e-m/crtbegin.o
 .ARM.attributes
                0x0000004c       0x21 ..\obj\assembly.o
 .ARM.attributes
                0x0000006d       0x33 ..\obj\ButtonSM.o
 .ARM.attributes
                0x000000a0       0x33 ..\obj\stm32f4xx_hal_cortex.o
 .ARM.attributes
                0x000000d3       0x33 ..\obj\Button.o
 .ARM.attributes
                0x00000106       0x33 ..\obj\system_stm32f4xx.o
 .ARM.attributes
                0x00000139       0x33 ..\obj\stm32f4xx_hal.o
 .ARM.attributes
                0x0000016c       0x33 ..\obj\Time.o
 .ARM.attributes
                0x0000019f       0x33 ..\obj\stm32f4xx_it.o
 .ARM.attributes
                0x000001d2       0x33 ..\obj\stm32f4xx_hal_gpio.o
 .ARM.attributes
                0x00000205       0x33 ..\obj\LedSM.o
 .ARM.attributes
                0x00000238       0x33 ..\obj\stm32f4xx_hal_rcc.o
 .ARM.attributes
                0x0000026b       0x21 ..\obj\startup_stm32f429xx.o
 .ARM.attributes
                0x0000028c       0x33 ..\obj\Message.o
 .ARM.attributes
                0x000002bf       0x33 ..\obj\main.o
 .ARM.attributes
                0x000002f2       0x1e c:/program files/gnu tools arm embedded/4.9 2015q1/bin/../lib/gcc/arm-none-eabi/4.9.3/armv7e-m/crtn.o
LOAD ..\obj\assembly.o
LOAD ..\obj\ButtonSM.o
LOAD ..\obj\stm32f4xx_hal_cortex.o
LOAD ..\obj\Button.o
LOAD ..\obj\system_stm32f4xx.o
LOAD ..\obj\stm32f4xx_hal.o
LOAD ..\obj\stm32f4xx_hal_tim.o
LOAD ..\obj\Time.o
LOAD ..\obj\stm32f4xx_it.o
LOAD ..\obj\stm32f4xx_hal_gpio.o
LOAD ..\obj\LedSM.o
LOAD ..\obj\stm32f4xx_hal_rcc.o
LOAD ..\obj\startup_stm32f429xx.o
LOAD ..\obj\Message.o
LOAD ..\obj\main.o
START GROUP
LOAD c:/program files/gnu tools arm embedded/4.9 2015q1/bin/../lib/gcc/arm-none-eabi/4.9.3/armv7e-m\libgcc.a
LOAD c:/program files/gnu tools arm embedded/4.9 2015q1/bin/../lib/gcc/arm-none-eabi/4.9.3/../../../../arm-none-eabi/lib/armv7e-m\libg.a
LOAD c:/program files/gnu tools arm embedded/4.9 2015q1/bin/../lib/gcc/arm-none-eabi/4.9.3/../../../../arm-none-eabi/lib/armv7e-m\libc.a
END GROUP
LOAD c:/program files/gnu tools arm embedded/4.9 2015q1/bin/../lib/gcc/arm-none-eabi/4.9.3/armv7e-m/crtend.o
LOAD c:/program files/gnu tools arm embedded/4.9 2015q1/bin/../lib/gcc/arm-none-eabi/4.9.3/armv7e-m/crtn.o
OUTPUT(Test01.elf elf32-littlearm)

.debug_line     0x00000000     0x2028
 .debug_line    0x00000000       0x71 ..\obj\assembly.o
 .debug_line    0x00000071      0x1d5 ..\obj\ButtonSM.o
 .debug_line    0x00000246      0x348 ..\obj\stm32f4xx_hal_cortex.o
 .debug_line    0x0000058e      0x21e ..\obj\Button.o
 .debug_line    0x000007ac      0x1c6 ..\obj\system_stm32f4xx.o
 .debug_line    0x00000972      0x35b ..\obj\stm32f4xx_hal.o
 .debug_line    0x00000ccd      0x1a0 ..\obj\Time.o
 .debug_line    0x00000e6d      0x1bc ..\obj\stm32f4xx_it.o
 .debug_line    0x00001029      0x452 ..\obj\stm32f4xx_hal_gpio.o
 .debug_line    0x0000147b      0x259 ..\obj\LedSM.o
 .debug_line    0x000016d4      0x5b7 ..\obj\stm32f4xx_hal_rcc.o
 .debug_line    0x00001c8b       0xa4 ..\obj\startup_stm32f429xx.o
 .debug_line    0x00001d2f       0x67 ..\obj\Message.o
 .debug_line    0x00001d96      0x292 ..\obj\main.o

.debug_info     0x00000000     0x45a4
 .debug_info    0x00000000       0xa0 ..\obj\assembly.o
 .debug_info    0x000000a0      0x243 ..\obj\ButtonSM.o
 .debug_info    0x000002e3      0xbac ..\obj\stm32f4xx_hal_cortex.o
 .debug_info    0x00000e8f      0x1e6 ..\obj\Button.o
 .debug_info    0x00001075      0x4b4 ..\obj\system_stm32f4xx.o
 .debug_info    0x00001529      0xa1c ..\obj\stm32f4xx_hal.o
 .debug_info    0x00001f45      0x174 ..\obj\Time.o
 .debug_info    0x000020b9      0x141 ..\obj\stm32f4xx_it.o
 .debug_info    0x000021fa      0x712 ..\obj\stm32f4xx_hal_gpio.o
 .debug_info    0x0000290c      0x264 ..\obj\LedSM.o
 .debug_info    0x00002b70      0xe27 ..\obj\stm32f4xx_hal_rcc.o
 .debug_info    0x00003997       0xa7 ..\obj\startup_stm32f429xx.o
 .debug_info    0x00003a3e       0x4b ..\obj\Message.o
 .debug_info    0x00003a89      0xb1b ..\obj\main.o

.debug_abbrev   0x00000000     0x107c
 .debug_abbrev  0x00000000       0x14 ..\obj\assembly.o
 .debug_abbrev  0x00000014      0x128 ..\obj\ButtonSM.o
 .debug_abbrev  0x0000013c      0x299 ..\obj\stm32f4xx_hal_cortex.o
 .debug_abbrev  0x000003d5       0xeb ..\obj\Button.o
 .debug_abbrev  0x000004c0       0xff ..\obj\system_stm32f4xx.o
 .debug_abbrev  0x000005bf      0x1ff ..\obj\stm32f4xx_hal.o
 .debug_abbrev  0x000007be       0xed ..\obj\Time.o
 .debug_abbrev  0x000008ab       0x95 ..\obj\stm32f4xx_it.o
 .debug_abbrev  0x00000940      0x1aa ..\obj\stm32f4xx_hal_gpio.o
 .debug_abbrev  0x00000aea      0x128 ..\obj\LedSM.o
 .debug_abbrev  0x00000c12      0x25a ..\obj\stm32f4xx_hal_rcc.o
 .debug_abbrev  0x00000e6c       0x12 ..\obj\startup_stm32f429xx.o
 .debug_abbrev  0x00000e7e       0x42 ..\obj\Message.o
 .debug_abbrev  0x00000ec0      0x1bc ..\obj\main.o

.debug_aranges  0x00000000      0x1c0
 .debug_aranges
                0x00000000       0x20 ..\obj\assembly.o
 .debug_aranges
                0x00000020       0x20 ..\obj\ButtonSM.o
 .debug_aranges
                0x00000040       0x20 ..\obj\stm32f4xx_hal_cortex.o
 .debug_aranges
                0x00000060       0x20 ..\obj\Button.o
 .debug_aranges
                0x00000080       0x20 ..\obj\system_stm32f4xx.o
 .debug_aranges
                0x000000a0       0x20 ..\obj\stm32f4xx_hal.o
 .debug_aranges
                0x000000c0       0x20 ..\obj\Time.o
 .debug_aranges
                0x000000e0       0x20 ..\obj\stm32f4xx_it.o
 .debug_aranges
                0x00000100       0x20 ..\obj\stm32f4xx_hal_gpio.o
 .debug_aranges
                0x00000120       0x20 ..\obj\LedSM.o
 .debug_aranges
                0x00000140       0x20 ..\obj\stm32f4xx_hal_rcc.o
 .debug_aranges
                0x00000160       0x28 ..\obj\startup_stm32f429xx.o
 .debug_aranges
                0x00000188       0x18 ..\obj\Message.o
 .debug_aranges
                0x000001a0       0x20 ..\obj\main.o

.debug_str      0x00000000     0x16f6
 .debug_str     0x00000000      0x224 ..\obj\ButtonSM.o
                                0x27d (size before relaxing)
 .debug_str     0x00000224      0x8db ..\obj\stm32f4xx_hal_cortex.o
                                0xb50 (size before relaxing)
 .debug_str     0x00000aff       0x77 ..\obj\Button.o
                                0x22d (size before relaxing)
 .debug_str     0x00000b76      0x167 ..\obj\system_stm32f4xx.o
                                0x33b (size before relaxing)
 .debug_str     0x00000cdd      0x309 ..\obj\stm32f4xx_hal.o
                                0xb15 (size before relaxing)
 .debug_str     0x00000fe6       0x91 ..\obj\Time.o
                                0x1fc (size before relaxing)
 .debug_str     0x00001077       0xcf ..\obj\stm32f4xx_it.o
                                0x1f0 (size before relaxing)
 .debug_str     0x00001146      0x1bd ..\obj\stm32f4xx_hal_gpio.o
                                0x514 (size before relaxing)
 .debug_str     0x00001303       0x57 ..\obj\LedSM.o
                                0x292 (size before relaxing)
 .debug_str     0x0000135a      0x307 ..\obj\stm32f4xx_hal_rcc.o
                                0x6ce (size before relaxing)
 .debug_str     0x00001661       0x3a ..\obj\Message.o
                                 0xc2 (size before relaxing)
 .debug_str     0x0000169b       0x5b ..\obj\main.o
                                0xa0c (size before relaxing)

.comment        0x00000000       0x70
 .comment       0x00000000       0x70 ..\obj\ButtonSM.o
                                 0x71 (size before relaxing)
 .comment       0x00000000       0x71 ..\obj\stm32f4xx_hal_cortex.o
 .comment       0x00000000       0x71 ..\obj\Button.o
 .comment       0x00000000       0x71 ..\obj\system_stm32f4xx.o
 .comment       0x00000000       0x71 ..\obj\stm32f4xx_hal.o
 .comment       0x00000000       0x71 ..\obj\Time.o
 .comment       0x00000000       0x71 ..\obj\stm32f4xx_it.o
 .comment       0x00000000       0x71 ..\obj\stm32f4xx_hal_gpio.o
 .comment       0x00000000       0x71 ..\obj\LedSM.o
 .comment       0x00000000       0x71 ..\obj\stm32f4xx_hal_rcc.o
 .comment       0x00000000       0x71 ..\obj\Message.o
 .comment       0x00000000       0x71 ..\obj\main.o

.debug_frame    0x00000000      0xe08
 .debug_frame   0x00000000       0x5c ..\obj\ButtonSM.o
 .debug_frame   0x0000005c      0x428 ..\obj\stm32f4xx_hal_cortex.o
 .debug_frame   0x00000484       0x34 ..\obj\Button.o
 .debug_frame   0x000004b8       0x58 ..\obj\system_stm32f4xx.o
 .debug_frame   0x00000510      0x310 ..\obj\stm32f4xx_hal.o
 .debug_frame   0x00000820       0x98 ..\obj\Time.o
 .debug_frame   0x000008b8      0x10c ..\obj\stm32f4xx_it.o
 .debug_frame   0x000009c4      0x14c ..\obj\stm32f4xx_hal_gpio.o
 .debug_frame   0x00000b10       0x5c ..\obj\LedSM.o
 .debug_frame   0x00000b6c      0x204 ..\obj\stm32f4xx_hal_rcc.o
 .debug_frame   0x00000d70       0x98 ..\obj\main.o

.debug_ranges   0x00000000       0x20
 .debug_ranges  0x00000000       0x20 ..\obj\startup_stm32f429xx.o
