Archive member included because of file (symbol)

c:/gnu tools arm embedded/4.9 2015q1/bin/../lib/gcc/arm-none-eabi/4.9.3/../../../../arm-none-eabi/lib/armv7e-m\libc.a(lib_a-exit.o)
                              c:/gnu tools arm embedded/4.9 2015q1/bin/../lib/gcc/arm-none-eabi/4.9.3/../../../../arm-none-eabi/lib/armv7e-m/crt0.o (exit)
c:/gnu tools arm embedded/4.9 2015q1/bin/../lib/gcc/arm-none-eabi/4.9.3/../../../../arm-none-eabi/lib/armv7e-m\libc.a(lib_a-impure.o)
                              c:/gnu tools arm embedded/4.9 2015q1/bin/../lib/gcc/arm-none-eabi/4.9.3/../../../../arm-none-eabi/lib/armv7e-m\libc.a(lib_a-exit.o) (_global_impure_ptr)
c:/gnu tools arm embedded/4.9 2015q1/bin/../lib/gcc/arm-none-eabi/4.9.3/../../../../arm-none-eabi/lib/armv7e-m\libc.a(lib_a-init.o)
                              c:/gnu tools arm embedded/4.9 2015q1/bin/../lib/gcc/arm-none-eabi/4.9.3/../../../../arm-none-eabi/lib/armv7e-m/crt0.o (__libc_init_array)
c:/gnu tools arm embedded/4.9 2015q1/bin/../lib/gcc/arm-none-eabi/4.9.3/../../../../arm-none-eabi/lib/armv7e-m\libc.a(lib_a-memset.o)
                              c:/gnu tools arm embedded/4.9 2015q1/bin/../lib/gcc/arm-none-eabi/4.9.3/../../../../arm-none-eabi/lib/armv7e-m/crt0.o (memset)
c:/gnu tools arm embedded/4.9 2015q1/bin/../lib/gcc/arm-none-eabi/4.9.3/../../../../arm-none-eabi/lib/armv7e-m\libc.a(lib_a-__call_atexit.o)
                              c:/gnu tools arm embedded/4.9 2015q1/bin/../lib/gcc/arm-none-eabi/4.9.3/../../../../arm-none-eabi/lib/armv7e-m\libc.a(lib_a-exit.o) (__call_exitprocs)
c:/gnu tools arm embedded/4.9 2015q1/bin/../lib/gcc/arm-none-eabi/4.9.3/../../../../arm-none-eabi/lib/armv7e-m\libc.a(lib_a-atexit.o)
                              c:/gnu tools arm embedded/4.9 2015q1/bin/../lib/gcc/arm-none-eabi/4.9.3/../../../../arm-none-eabi/lib/armv7e-m\libc.a(lib_a-__call_atexit.o) (atexit)
c:/gnu tools arm embedded/4.9 2015q1/bin/../lib/gcc/arm-none-eabi/4.9.3/../../../../arm-none-eabi/lib/armv7e-m\libc.a(lib_a-fini.o)
                              c:/gnu tools arm embedded/4.9 2015q1/bin/../lib/gcc/arm-none-eabi/4.9.3/../../../../arm-none-eabi/lib/armv7e-m\libc.a(lib_a-__call_atexit.o) (__libc_fini_array)
c:/gnu tools arm embedded/4.9 2015q1/bin/../lib/gcc/arm-none-eabi/4.9.3/../../../../arm-none-eabi/lib/armv7e-m\libc.a(lib_a-__atexit.o)
                              c:/gnu tools arm embedded/4.9 2015q1/bin/../lib/gcc/arm-none-eabi/4.9.3/../../../../arm-none-eabi/lib/armv7e-m\libc.a(lib_a-atexit.o) (__register_exitproc)

Discarded input sections

 .text          0x00000000        0x0 c:/gnu tools arm embedded/4.9 2015q1/bin/../lib/gcc/arm-none-eabi/4.9.3/armv7e-m/crti.o
 .data          0x00000000        0x0 c:/gnu tools arm embedded/4.9 2015q1/bin/../lib/gcc/arm-none-eabi/4.9.3/armv7e-m/crti.o
 .bss           0x00000000        0x0 c:/gnu tools arm embedded/4.9 2015q1/bin/../lib/gcc/arm-none-eabi/4.9.3/armv7e-m/crti.o
 .data          0x00000000        0x4 c:/gnu tools arm embedded/4.9 2015q1/bin/../lib/gcc/arm-none-eabi/4.9.3/armv7e-m/crtbegin.o
 .text          0x00000000       0x74 c:/gnu tools arm embedded/4.9 2015q1/bin/../lib/gcc/arm-none-eabi/4.9.3/../../../../arm-none-eabi/lib/armv7e-m/crt0.o
 .data          0x00000000        0x0 c:/gnu tools arm embedded/4.9 2015q1/bin/../lib/gcc/arm-none-eabi/4.9.3/../../../../arm-none-eabi/lib/armv7e-m/crt0.o
 .bss           0x00000000        0x0 c:/gnu tools arm embedded/4.9 2015q1/bin/../lib/gcc/arm-none-eabi/4.9.3/../../../../arm-none-eabi/lib/armv7e-m/crt0.o
 .ARM.extab     0x00000000        0x0 c:/gnu tools arm embedded/4.9 2015q1/bin/../lib/gcc/arm-none-eabi/4.9.3/../../../../arm-none-eabi/lib/armv7e-m/crt0.o
 .ARM.exidx     0x00000000        0x8 c:/gnu tools arm embedded/4.9 2015q1/bin/../lib/gcc/arm-none-eabi/4.9.3/../../../../arm-none-eabi/lib/armv7e-m/crt0.o
 .ARM.attributes
                0x00000000       0x1c c:/gnu tools arm embedded/4.9 2015q1/bin/../lib/gcc/arm-none-eabi/4.9.3/../../../../arm-none-eabi/lib/armv7e-m/crt0.o
 .text          0x00000000        0x0 c:/gnu tools arm embedded/4.9 2015q1/bin/../lib/gcc/arm-none-eabi/4.9.3/../../../../arm-none-eabi/lib/armv7e-m\libc.a(lib_a-exit.o)
 .data          0x00000000        0x0 c:/gnu tools arm embedded/4.9 2015q1/bin/../lib/gcc/arm-none-eabi/4.9.3/../../../../arm-none-eabi/lib/armv7e-m\libc.a(lib_a-exit.o)
 .bss           0x00000000        0x0 c:/gnu tools arm embedded/4.9 2015q1/bin/../lib/gcc/arm-none-eabi/4.9.3/../../../../arm-none-eabi/lib/armv7e-m\libc.a(lib_a-exit.o)
 .text.exit     0x00000000       0x20 c:/gnu tools arm embedded/4.9 2015q1/bin/../lib/gcc/arm-none-eabi/4.9.3/../../../../arm-none-eabi/lib/armv7e-m\libc.a(lib_a-exit.o)
 .debug_frame   0x00000000       0x28 c:/gnu tools arm embedded/4.9 2015q1/bin/../lib/gcc/arm-none-eabi/4.9.3/../../../../arm-none-eabi/lib/armv7e-m\libc.a(lib_a-exit.o)
 .ARM.attributes
                0x00000000       0x2e c:/gnu tools arm embedded/4.9 2015q1/bin/../lib/gcc/arm-none-eabi/4.9.3/../../../../arm-none-eabi/lib/armv7e-m\libc.a(lib_a-exit.o)
 .text          0x00000000        0x0 c:/gnu tools arm embedded/4.9 2015q1/bin/../lib/gcc/arm-none-eabi/4.9.3/../../../../arm-none-eabi/lib/armv7e-m\libc.a(lib_a-impure.o)
 .data          0x00000000        0x0 c:/gnu tools arm embedded/4.9 2015q1/bin/../lib/gcc/arm-none-eabi/4.9.3/../../../../arm-none-eabi/lib/armv7e-m\libc.a(lib_a-impure.o)
 .bss           0x00000000        0x0 c:/gnu tools arm embedded/4.9 2015q1/bin/../lib/gcc/arm-none-eabi/4.9.3/../../../../arm-none-eabi/lib/armv7e-m\libc.a(lib_a-impure.o)
 .data._impure_ptr
                0x00000000        0x4 c:/gnu tools arm embedded/4.9 2015q1/bin/../lib/gcc/arm-none-eabi/4.9.3/../../../../arm-none-eabi/lib/armv7e-m\libc.a(lib_a-impure.o)
 .ARM.attributes
                0x00000000       0x2e c:/gnu tools arm embedded/4.9 2015q1/bin/../lib/gcc/arm-none-eabi/4.9.3/../../../../arm-none-eabi/lib/armv7e-m\libc.a(lib_a-impure.o)
 .text          0x00000000        0x0 c:/gnu tools arm embedded/4.9 2015q1/bin/../lib/gcc/arm-none-eabi/4.9.3/../../../../arm-none-eabi/lib/armv7e-m\libc.a(lib_a-init.o)
 .data          0x00000000        0x0 c:/gnu tools arm embedded/4.9 2015q1/bin/../lib/gcc/arm-none-eabi/4.9.3/../../../../arm-none-eabi/lib/armv7e-m\libc.a(lib_a-init.o)
 .bss           0x00000000        0x0 c:/gnu tools arm embedded/4.9 2015q1/bin/../lib/gcc/arm-none-eabi/4.9.3/../../../../arm-none-eabi/lib/armv7e-m\libc.a(lib_a-init.o)
 .debug_frame   0x00000000       0x2c c:/gnu tools arm embedded/4.9 2015q1/bin/../lib/gcc/arm-none-eabi/4.9.3/../../../../arm-none-eabi/lib/armv7e-m\libc.a(lib_a-init.o)
 .ARM.attributes
                0x00000000       0x2e c:/gnu tools arm embedded/4.9 2015q1/bin/../lib/gcc/arm-none-eabi/4.9.3/../../../../arm-none-eabi/lib/armv7e-m\libc.a(lib_a-init.o)
 .text          0x00000000        0x0 c:/gnu tools arm embedded/4.9 2015q1/bin/../lib/gcc/arm-none-eabi/4.9.3/../../../../arm-none-eabi/lib/armv7e-m\libc.a(lib_a-memset.o)
 .data          0x00000000        0x0 c:/gnu tools arm embedded/4.9 2015q1/bin/../lib/gcc/arm-none-eabi/4.9.3/../../../../arm-none-eabi/lib/armv7e-m\libc.a(lib_a-memset.o)
 .bss           0x00000000        0x0 c:/gnu tools arm embedded/4.9 2015q1/bin/../lib/gcc/arm-none-eabi/4.9.3/../../../../arm-none-eabi/lib/armv7e-m\libc.a(lib_a-memset.o)
 .text.memset   0x00000000       0x9c c:/gnu tools arm embedded/4.9 2015q1/bin/../lib/gcc/arm-none-eabi/4.9.3/../../../../arm-none-eabi/lib/armv7e-m\libc.a(lib_a-memset.o)
 .debug_frame   0x00000000       0x34 c:/gnu tools arm embedded/4.9 2015q1/bin/../lib/gcc/arm-none-eabi/4.9.3/../../../../arm-none-eabi/lib/armv7e-m\libc.a(lib_a-memset.o)
 .ARM.attributes
                0x00000000       0x2e c:/gnu tools arm embedded/4.9 2015q1/bin/../lib/gcc/arm-none-eabi/4.9.3/../../../../arm-none-eabi/lib/armv7e-m\libc.a(lib_a-memset.o)
 .text          0x00000000        0x0 c:/gnu tools arm embedded/4.9 2015q1/bin/../lib/gcc/arm-none-eabi/4.9.3/../../../../arm-none-eabi/lib/armv7e-m\libc.a(lib_a-__call_atexit.o)
 .data          0x00000000        0x0 c:/gnu tools arm embedded/4.9 2015q1/bin/../lib/gcc/arm-none-eabi/4.9.3/../../../../arm-none-eabi/lib/armv7e-m\libc.a(lib_a-__call_atexit.o)
 .bss           0x00000000        0x0 c:/gnu tools arm embedded/4.9 2015q1/bin/../lib/gcc/arm-none-eabi/4.9.3/../../../../arm-none-eabi/lib/armv7e-m\libc.a(lib_a-__call_atexit.o)
 .text.__call_exitprocs
                0x00000000       0xd4 c:/gnu tools arm embedded/4.9 2015q1/bin/../lib/gcc/arm-none-eabi/4.9.3/../../../../arm-none-eabi/lib/armv7e-m\libc.a(lib_a-__call_atexit.o)
 .debug_frame   0x00000000       0x50 c:/gnu tools arm embedded/4.9 2015q1/bin/../lib/gcc/arm-none-eabi/4.9.3/../../../../arm-none-eabi/lib/armv7e-m\libc.a(lib_a-__call_atexit.o)
 .ARM.attributes
                0x00000000       0x2e c:/gnu tools arm embedded/4.9 2015q1/bin/../lib/gcc/arm-none-eabi/4.9.3/../../../../arm-none-eabi/lib/armv7e-m\libc.a(lib_a-__call_atexit.o)
 .text          0x00000000        0x0 c:/gnu tools arm embedded/4.9 2015q1/bin/../lib/gcc/arm-none-eabi/4.9.3/../../../../arm-none-eabi/lib/armv7e-m\libc.a(lib_a-atexit.o)
 .data          0x00000000        0x0 c:/gnu tools arm embedded/4.9 2015q1/bin/../lib/gcc/arm-none-eabi/4.9.3/../../../../arm-none-eabi/lib/armv7e-m\libc.a(lib_a-atexit.o)
 .bss           0x00000000        0x0 c:/gnu tools arm embedded/4.9 2015q1/bin/../lib/gcc/arm-none-eabi/4.9.3/../../../../arm-none-eabi/lib/armv7e-m\libc.a(lib_a-atexit.o)
 .debug_frame   0x00000000       0x20 c:/gnu tools arm embedded/4.9 2015q1/bin/../lib/gcc/arm-none-eabi/4.9.3/../../../../arm-none-eabi/lib/armv7e-m\libc.a(lib_a-atexit.o)
 .ARM.attributes
                0x00000000       0x2e c:/gnu tools arm embedded/4.9 2015q1/bin/../lib/gcc/arm-none-eabi/4.9.3/../../../../arm-none-eabi/lib/armv7e-m\libc.a(lib_a-atexit.o)
 .text          0x00000000        0x0 c:/gnu tools arm embedded/4.9 2015q1/bin/../lib/gcc/arm-none-eabi/4.9.3/../../../../arm-none-eabi/lib/armv7e-m\libc.a(lib_a-fini.o)
 .data          0x00000000        0x0 c:/gnu tools arm embedded/4.9 2015q1/bin/../lib/gcc/arm-none-eabi/4.9.3/../../../../arm-none-eabi/lib/armv7e-m\libc.a(lib_a-fini.o)
 .bss           0x00000000        0x0 c:/gnu tools arm embedded/4.9 2015q1/bin/../lib/gcc/arm-none-eabi/4.9.3/../../../../arm-none-eabi/lib/armv7e-m\libc.a(lib_a-fini.o)
 .debug_frame   0x00000000       0x34 c:/gnu tools arm embedded/4.9 2015q1/bin/../lib/gcc/arm-none-eabi/4.9.3/../../../../arm-none-eabi/lib/armv7e-m\libc.a(lib_a-fini.o)
 .ARM.attributes
                0x00000000       0x2e c:/gnu tools arm embedded/4.9 2015q1/bin/../lib/gcc/arm-none-eabi/4.9.3/../../../../arm-none-eabi/lib/armv7e-m\libc.a(lib_a-fini.o)
 .text          0x00000000        0x0 c:/gnu tools arm embedded/4.9 2015q1/bin/../lib/gcc/arm-none-eabi/4.9.3/../../../../arm-none-eabi/lib/armv7e-m\libc.a(lib_a-__atexit.o)
 .data          0x00000000        0x0 c:/gnu tools arm embedded/4.9 2015q1/bin/../lib/gcc/arm-none-eabi/4.9.3/../../../../arm-none-eabi/lib/armv7e-m\libc.a(lib_a-__atexit.o)
 .bss           0x00000000        0x0 c:/gnu tools arm embedded/4.9 2015q1/bin/../lib/gcc/arm-none-eabi/4.9.3/../../../../arm-none-eabi/lib/armv7e-m\libc.a(lib_a-__atexit.o)
 .debug_frame   0x00000000       0x34 c:/gnu tools arm embedded/4.9 2015q1/bin/../lib/gcc/arm-none-eabi/4.9.3/../../../../arm-none-eabi/lib/armv7e-m\libc.a(lib_a-__atexit.o)
 .ARM.attributes
                0x00000000       0x2e c:/gnu tools arm embedded/4.9 2015q1/bin/../lib/gcc/arm-none-eabi/4.9.3/../../../../arm-none-eabi/lib/armv7e-m\libc.a(lib_a-__atexit.o)
 .text          0x00000000        0x0 ..\obj\LED.o
 .data          0x00000000        0x0 ..\obj\LED.o
 .bss           0x00000000        0x0 ..\obj\LED.o
 .debug_line    0x00000000        0x0 ..\obj\LED.o
 .debug_str     0x00000000       0x7d ..\obj\LED.o
 .comment       0x00000000       0x71 ..\obj\LED.o
 .ARM.attributes
                0x00000000       0x33 ..\obj\LED.o
 .text          0x00000000      0x10c ..\obj\LED3.o
 .data          0x00000000        0x0 ..\obj\LED3.o
 .bss           0x00000000        0x8 ..\obj\LED3.o
 .debug_info    0x00000000      0x21a ..\obj\LED3.o
 .debug_abbrev  0x00000000       0xfa ..\obj\LED3.o
 .debug_aranges
                0x00000000       0x20 ..\obj\LED3.o
 .debug_line    0x00000000      0x1c3 ..\obj\LED3.o
 .debug_str     0x00000000      0x25a ..\obj\LED3.o
 .comment       0x00000000       0x71 ..\obj\LED3.o
 .debug_frame   0x00000000       0x34 ..\obj\LED3.o
 .ARM.attributes
                0x00000000       0x33 ..\obj\LED3.o
 .text          0x00000000      0x544 ..\obj\stm32f4xx_hal_cortex.o
 .data          0x00000000        0x0 ..\obj\stm32f4xx_hal_cortex.o
 .bss           0x00000000        0x0 ..\obj\stm32f4xx_hal_cortex.o
 .debug_info    0x00000000      0xbac ..\obj\stm32f4xx_hal_cortex.o
 .debug_abbrev  0x00000000      0x299 ..\obj\stm32f4xx_hal_cortex.o
 .debug_aranges
                0x00000000       0x20 ..\obj\stm32f4xx_hal_cortex.o
 .debug_line    0x00000000      0x2cc ..\obj\stm32f4xx_hal_cortex.o
 .debug_str     0x00000000      0xb0f ..\obj\stm32f4xx_hal_cortex.o
 .comment       0x00000000       0x71 ..\obj\stm32f4xx_hal_cortex.o
 .debug_frame   0x00000000      0x428 ..\obj\stm32f4xx_hal_cortex.o
 .ARM.attributes
                0x00000000       0x33 ..\obj\stm32f4xx_hal_cortex.o
 .data          0x00000000        0x0 ..\obj\Button.o
 .bss           0x00000000        0x0 ..\obj\Button.o
 .bss           0x00000000        0x0 ..\obj\system_stm32f4xx.o
 .text          0x00000000      0x368 ..\obj\stm32f4xx_hal.o
 .data          0x00000000        0x0 ..\obj\stm32f4xx_hal.o
 .bss           0x00000000        0x4 ..\obj\stm32f4xx_hal.o
 .debug_info    0x00000000      0xa1c ..\obj\stm32f4xx_hal.o
 .debug_abbrev  0x00000000      0x1ff ..\obj\stm32f4xx_hal.o
 .debug_aranges
                0x00000000       0x20 ..\obj\stm32f4xx_hal.o
 .debug_line    0x00000000      0x2c0 ..\obj\stm32f4xx_hal.o
 .debug_str     0x00000000      0xad4 ..\obj\stm32f4xx_hal.o
 .comment       0x00000000       0x71 ..\obj\stm32f4xx_hal.o
 .debug_frame   0x00000000      0x310 ..\obj\stm32f4xx_hal.o
 .ARM.attributes
                0x00000000       0x33 ..\obj\stm32f4xx_hal.o
 .data          0x00000000        0x0 ..\obj\Time.o
 .text          0x00000000       0x98 ..\obj\LED1.o
 .data          0x00000000        0x0 ..\obj\LED1.o
 .bss           0x00000000        0x4 ..\obj\LED1.o
 .debug_info    0x00000000      0x209 ..\obj\LED1.o
 .debug_abbrev  0x00000000       0xfa ..\obj\LED1.o
 .debug_aranges
                0x00000000       0x20 ..\obj\LED1.o
 .debug_line    0x00000000      0x1b6 ..\obj\LED1.o
 .debug_str     0x00000000      0x250 ..\obj\LED1.o
 .comment       0x00000000       0x71 ..\obj\LED1.o
 .debug_frame   0x00000000       0x34 ..\obj\LED1.o
 .ARM.attributes
                0x00000000       0x33 ..\obj\LED1.o
 .data          0x00000000        0x0 ..\obj\stm32f4xx_hal_gpio.o
 .bss           0x00000000        0x0 ..\obj\stm32f4xx_hal_gpio.o
 .text          0x00000000      0x1bc ..\obj\RunningLight.o
 .data          0x00000000        0x0 ..\obj\RunningLight.o
 .bss           0x00000000        0x4 ..\obj\RunningLight.o
 .debug_info    0x00000000      0x1fe ..\obj\RunningLight.o
 .debug_abbrev  0x00000000       0xe9 ..\obj\RunningLight.o
 .debug_aranges
                0x00000000       0x20 ..\obj\RunningLight.o
 .debug_line    0x00000000      0x1e3 ..\obj\RunningLight.o
 .debug_str     0x00000000      0x24f ..\obj\RunningLight.o
 .comment       0x00000000       0x71 ..\obj\RunningLight.o
 .debug_frame   0x00000000       0x34 ..\obj\RunningLight.o
 .ARM.attributes
                0x00000000       0x33 ..\obj\RunningLight.o
 .text          0x00000000       0xe4 ..\obj\LED2.o
 .data          0x00000000        0x4 ..\obj\LED2.o
 .bss           0x00000000        0x4 ..\obj\LED2.o
 .debug_info    0x00000000      0x21a ..\obj\LED2.o
 .debug_abbrev  0x00000000       0xfa ..\obj\LED2.o
 .debug_aranges
                0x00000000       0x20 ..\obj\LED2.o
 .debug_line    0x00000000      0x1bc ..\obj\LED2.o
 .debug_str     0x00000000      0x25a ..\obj\LED2.o
 .comment       0x00000000       0x71 ..\obj\LED2.o
 .debug_frame   0x00000000       0x34 ..\obj\LED2.o
 .ARM.attributes
                0x00000000       0x33 ..\obj\LED2.o
 .text          0x00000000       0x4c ..\obj\LiteTasker.o
 .data          0x00000000        0x0 ..\obj\LiteTasker.o
 .bss           0x00000000        0x4 ..\obj\LiteTasker.o
 .debug_info    0x00000000       0xc1 ..\obj\LiteTasker.o
 .debug_abbrev  0x00000000       0x9d ..\obj\LiteTasker.o
 .debug_aranges
                0x00000000       0x20 ..\obj\LiteTasker.o
 .debug_line    0x00000000       0x6b ..\obj\LiteTasker.o
 .debug_str     0x00000000      0x112 ..\obj\LiteTasker.o
 .comment       0x00000000       0x71 ..\obj\LiteTasker.o
 .debug_frame   0x00000000       0x38 ..\obj\LiteTasker.o
 .ARM.attributes
                0x00000000       0x33 ..\obj\LiteTasker.o
 .text          0x00000000      0xd74 ..\obj\stm32f4xx_hal_rcc.o
 .data          0x00000000        0x0 ..\obj\stm32f4xx_hal_rcc.o
 .bss           0x00000000        0x0 ..\obj\stm32f4xx_hal_rcc.o
 .rodata        0x00000000       0x10 ..\obj\stm32f4xx_hal_rcc.o
 .debug_info    0x00000000      0xe27 ..\obj\stm32f4xx_hal_rcc.o
 .debug_abbrev  0x00000000      0x25a ..\obj\stm32f4xx_hal_rcc.o
 .debug_aranges
                0x00000000       0x20 ..\obj\stm32f4xx_hal_rcc.o
 .debug_line    0x00000000      0x51c ..\obj\stm32f4xx_hal_rcc.o
 .debug_str     0x00000000      0x68d ..\obj\stm32f4xx_hal_rcc.o
 .comment       0x00000000       0x71 ..\obj\stm32f4xx_hal_rcc.o
 .debug_frame   0x00000000      0x204 ..\obj\stm32f4xx_hal_rcc.o
 .ARM.attributes
                0x00000000       0x33 ..\obj\stm32f4xx_hal_rcc.o
 .text          0x00000000       0x14 ..\obj\startup_stm32f429xx.o
 .data          0x00000000        0x0 ..\obj\startup_stm32f429xx.o
 .bss           0x00000000        0x0 ..\obj\startup_stm32f429xx.o
 .data          0x00000000        0x0 ..\obj\main.o
 .text          0x00000000        0x0 c:/gnu tools arm embedded/4.9 2015q1/bin/../lib/gcc/arm-none-eabi/4.9.3/armv7e-m/crtend.o
 .data          0x00000000        0x0 c:/gnu tools arm embedded/4.9 2015q1/bin/../lib/gcc/arm-none-eabi/4.9.3/armv7e-m/crtend.o
 .bss           0x00000000        0x0 c:/gnu tools arm embedded/4.9 2015q1/bin/../lib/gcc/arm-none-eabi/4.9.3/armv7e-m/crtend.o
 .eh_frame      0x00000000        0x4 c:/gnu tools arm embedded/4.9 2015q1/bin/../lib/gcc/arm-none-eabi/4.9.3/armv7e-m/crtend.o
 .jcr           0x00000000        0x4 c:/gnu tools arm embedded/4.9 2015q1/bin/../lib/gcc/arm-none-eabi/4.9.3/armv7e-m/crtend.o
 .ARM.attributes
                0x00000000       0x2e c:/gnu tools arm embedded/4.9 2015q1/bin/../lib/gcc/arm-none-eabi/4.9.3/armv7e-m/crtend.o
 .text          0x00000000        0x0 c:/gnu tools arm embedded/4.9 2015q1/bin/../lib/gcc/arm-none-eabi/4.9.3/armv7e-m/crtn.o
 .data          0x00000000        0x0 c:/gnu tools arm embedded/4.9 2015q1/bin/../lib/gcc/arm-none-eabi/4.9.3/armv7e-m/crtn.o
 .bss           0x00000000        0x0 c:/gnu tools arm embedded/4.9 2015q1/bin/../lib/gcc/arm-none-eabi/4.9.3/armv7e-m/crtn.o

Memory Configuration

Name             Origin             Length             Attributes
FLASH            0x08000000         0x00100000         xr
RAM              0x20000000         0x00020000         xrw
CCMRAM           0x10000000         0x00010000         rw
*default*        0x00000000         0xffffffff

Linker script and memory map

LOAD c:/gnu tools arm embedded/4.9 2015q1/bin/../lib/gcc/arm-none-eabi/4.9.3/armv7e-m/crti.o
LOAD c:/gnu tools arm embedded/4.9 2015q1/bin/../lib/gcc/arm-none-eabi/4.9.3/armv7e-m/crtbegin.o
LOAD c:/gnu tools arm embedded/4.9 2015q1/bin/../lib/gcc/arm-none-eabi/4.9.3/../../../../arm-none-eabi/lib/armv7e-m/crt0.o
                0x2001ffff                _estack = 0x2001ffff
                0x00000200                _Min_Heap_Size = 0x200
                0x00000400                _Min_Stack_Size = 0x400

.isr_vector     0x08000000      0x1ac
                0x08000000                . = ALIGN (0x4)
 *(.isr_vector)
 .isr_vector    0x08000000      0x1ac ..\obj\startup_stm32f429xx.o
                0x08000000                g_pfnVectors
                0x080001ac                . = ALIGN (0x4)

.text           0x080001ac      0xce8
                0x080001ac                . = ALIGN (0x4)
 *(.text)
 .text          0x080001ac       0x5c c:/gnu tools arm embedded/4.9 2015q1/bin/../lib/gcc/arm-none-eabi/4.9.3/armv7e-m/crtbegin.o
 .text          0x08000208       0x2c ..\obj\Button.o
                0x08000208                initUserButton
 .text          0x08000234      0x154 ..\obj\system_stm32f4xx.o
                0x08000234                SystemInit
                0x08000290                SystemCoreClockUpdate
 .text          0x08000388       0xa4 ..\obj\Time.o
                0x08000388                updateTime
                0x080003c0                delay
                0x080003f4                isTimerExpire
 .text          0x0800042c      0x674 ..\obj\stm32f4xx_hal_gpio.o
                0x0800042c                HAL_GPIO_Init
                0x08000774                HAL_GPIO_DeInit
                0x08000988                HAL_GPIO_ReadPin
                0x080009b8                HAL_GPIO_WritePin
                0x080009e8                HAL_GPIO_TogglePin
                0x08000a0c                HAL_GPIO_LockPin
                0x08000a5c                HAL_GPIO_EXTI_IRQHandler
                0x08000a8c                HAL_GPIO_EXTI_Callback
 .text          0x08000aa0      0x248 ..\obj\main.o
                0x08000aa0                taskLED1
                0x08000b14                taskLED3
                0x08000bc0                main
 *(.text*)
 .text.__libc_init_array
                0x08000ce8       0x50 c:/gnu tools arm embedded/4.9 2015q1/bin/../lib/gcc/arm-none-eabi/4.9.3/../../../../arm-none-eabi/lib/armv7e-m\libc.a(lib_a-init.o)
                0x08000ce8                __libc_init_array
 .text.startup.register_fini
                0x08000d38       0x14 c:/gnu tools arm embedded/4.9 2015q1/bin/../lib/gcc/arm-none-eabi/4.9.3/../../../../arm-none-eabi/lib/armv7e-m\libc.a(lib_a-__call_atexit.o)
 .text.atexit   0x08000d4c        0xc c:/gnu tools arm embedded/4.9 2015q1/bin/../lib/gcc/arm-none-eabi/4.9.3/../../../../arm-none-eabi/lib/armv7e-m\libc.a(lib_a-atexit.o)
                0x08000d4c                atexit
 .text.__libc_fini_array
                0x08000d58       0x2c c:/gnu tools arm embedded/4.9 2015q1/bin/../lib/gcc/arm-none-eabi/4.9.3/../../../../arm-none-eabi/lib/armv7e-m\libc.a(lib_a-fini.o)
                0x08000d58                __libc_fini_array
 .text.__register_exitproc
                0x08000d84       0xa4 c:/gnu tools arm embedded/4.9 2015q1/bin/../lib/gcc/arm-none-eabi/4.9.3/../../../../arm-none-eabi/lib/armv7e-m\libc.a(lib_a-__atexit.o)
                0x08000d84                __register_exitproc
 .text.Reset_Handler
                0x08000e28       0x50 ..\obj\startup_stm32f429xx.o
                0x08000e28                Reset_Handler
 .text.Default_Handler
                0x08000e78        0x2 ..\obj\startup_stm32f429xx.o
                0x08000e78                RTC_Alarm_IRQHandler
                0x08000e78                HASH_RNG_IRQHandler
                0x08000e78                EXTI2_IRQHandler
                0x08000e78                TIM8_CC_IRQHandler
                0x08000e78                DebugMon_Handler
                0x08000e78                UART8_IRQHandler
                0x08000e78                SPI4_IRQHandler
                0x08000e78                TIM1_CC_IRQHandler
                0x08000e78                DMA2_Stream5_IRQHandler
                0x08000e78                HardFault_Handler
                0x08000e78                DMA1_Stream5_IRQHandler
                0x08000e78                SysTick_Handler
                0x08000e78                PVD_IRQHandler
                0x08000e78                SDIO_IRQHandler
                0x08000e78                TAMP_STAMP_IRQHandler
                0x08000e78                PendSV_Handler
                0x08000e78                NMI_Handler
                0x08000e78                CAN2_RX1_IRQHandler
                0x08000e78                EXTI3_IRQHandler
                0x08000e78                TIM8_TRG_COM_TIM14_IRQHandler
                0x08000e78                TIM1_UP_TIM10_IRQHandler
                0x08000e78                TIM8_UP_TIM13_IRQHandler
                0x08000e78                I2C3_ER_IRQHandler
                0x08000e78                EXTI0_IRQHandler
                0x08000e78                I2C2_EV_IRQHandler
                0x08000e78                DMA1_Stream2_IRQHandler
                0x08000e78                CAN1_RX0_IRQHandler
                0x08000e78                FPU_IRQHandler
                0x08000e78                OTG_HS_WKUP_IRQHandler
                0x08000e78                UsageFault_Handler
                0x08000e78                LTDC_ER_IRQHandler
                0x08000e78                CAN2_SCE_IRQHandler
                0x08000e78                DMA2_Stream2_IRQHandler
                0x08000e78                SPI1_IRQHandler
                0x08000e78                TIM6_DAC_IRQHandler
                0x08000e78                TIM1_BRK_TIM9_IRQHandler
                0x08000e78                DCMI_IRQHandler
                0x08000e78                CAN2_RX0_IRQHandler
                0x08000e78                DMA2_Stream3_IRQHandler
                0x08000e78                USART6_IRQHandler
                0x08000e78                USART3_IRQHandler
                0x08000e78                CAN1_RX1_IRQHandler
                0x08000e78                UART5_IRQHandler
                0x08000e78                DMA2_Stream0_IRQHandler
                0x08000e78                TIM4_IRQHandler
                0x08000e78                I2C1_EV_IRQHandler
                0x08000e78                DMA1_Stream6_IRQHandler
                0x08000e78                DMA1_Stream1_IRQHandler
                0x08000e78                UART4_IRQHandler
                0x08000e78                TIM3_IRQHandler
                0x08000e78                RCC_IRQHandler
                0x08000e78                TIM8_BRK_TIM12_IRQHandler
                0x08000e78                Default_Handler
                0x08000e78                EXTI15_10_IRQHandler
                0x08000e78                ADC_IRQHandler
                0x08000e78                DMA1_Stream7_IRQHandler
                0x08000e78                SPI5_IRQHandler
                0x08000e78                TIM7_IRQHandler
                0x08000e78                CAN2_TX_IRQHandler
                0x08000e78                TIM5_IRQHandler
                0x08000e78                DMA2_Stream7_IRQHandler
                0x08000e78                I2C3_EV_IRQHandler
                0x08000e78                EXTI9_5_IRQHandler
                0x08000e78                RTC_WKUP_IRQHandler
                0x08000e78                LTDC_IRQHandler
                0x08000e78                ETH_WKUP_IRQHandler
                0x08000e78                SPI2_IRQHandler
                0x08000e78                OTG_HS_EP1_IN_IRQHandler
                0x08000e78                MemManage_Handler
                0x08000e78                DMA1_Stream0_IRQHandler
                0x08000e78                CAN1_TX_IRQHandler
                0x08000e78                SVC_Handler
                0x08000e78                EXTI4_IRQHandler
                0x08000e78                ETH_IRQHandler
                0x08000e78                OTG_HS_EP1_OUT_IRQHandler
                0x08000e78                WWDG_IRQHandler
                0x08000e78                SPI6_IRQHandler
                0x08000e78                TIM2_IRQHandler
                0x08000e78                OTG_FS_WKUP_IRQHandler
                0x08000e78                TIM1_TRG_COM_TIM11_IRQHandler
                0x08000e78                OTG_HS_IRQHandler
                0x08000e78                DMA2D_IRQHandler
                0x08000e78                EXTI1_IRQHandler
                0x08000e78                UART7_IRQHandler
                0x08000e78                USART2_IRQHandler
                0x08000e78                I2C2_ER_IRQHandler
                0x08000e78                DMA2_Stream1_IRQHandler
                0x08000e78                CAN1_SCE_IRQHandler
                0x08000e78                FLASH_IRQHandler
                0x08000e78                DMA2_Stream4_IRQHandler
                0x08000e78                BusFault_Handler
                0x08000e78                USART1_IRQHandler
                0x08000e78                OTG_FS_IRQHandler
                0x08000e78                SPI3_IRQHandler
                0x08000e78                DMA1_Stream4_IRQHandler
                0x08000e78                I2C1_ER_IRQHandler
                0x08000e78                FMC_IRQHandler
                0x08000e78                DMA2_Stream6_IRQHandler
                0x08000e78                SAI1_IRQHandler
                0x08000e78                DMA1_Stream3_IRQHandler
 *(.glue_7)
 .glue_7        0x00000000        0x0 linker stubs
 *(.glue_7t)
 .glue_7t       0x00000000        0x0 linker stubs
 *(.eh_frame)
 *fill*         0x08000e7a        0x2 
 .eh_frame      0x08000e7c        0x0 c:/gnu tools arm embedded/4.9 2015q1/bin/../lib/gcc/arm-none-eabi/4.9.3/armv7e-m/crtbegin.o
 *(.init)
 .init          0x08000e7c        0x4 c:/gnu tools arm embedded/4.9 2015q1/bin/../lib/gcc/arm-none-eabi/4.9.3/armv7e-m/crti.o
                0x08000e7c                _init
 .init          0x08000e80        0x8 c:/gnu tools arm embedded/4.9 2015q1/bin/../lib/gcc/arm-none-eabi/4.9.3/armv7e-m/crtn.o
 *(.fini)
 .fini          0x08000e88        0x4 c:/gnu tools arm embedded/4.9 2015q1/bin/../lib/gcc/arm-none-eabi/4.9.3/armv7e-m/crti.o
                0x08000e88                _fini
 .fini          0x08000e8c        0x8 c:/gnu tools arm embedded/4.9 2015q1/bin/../lib/gcc/arm-none-eabi/4.9.3/armv7e-m/crtn.o
                0x08000e94                . = ALIGN (0x4)
                0x08000e94                _etext = .

.vfp11_veneer   0x08000e94        0x0
 .vfp11_veneer  0x00000000        0x0 linker stubs

.v4_bx          0x08000e94        0x0
 .v4_bx         0x00000000        0x0 linker stubs

.iplt           0x08000e94        0x0
 .iplt          0x00000000        0x0 c:/gnu tools arm embedded/4.9 2015q1/bin/../lib/gcc/arm-none-eabi/4.9.3/armv7e-m/crtbegin.o

.rodata         0x08000e94        0x8
                0x08000e94                . = ALIGN (0x4)
 *(.rodata)
 *(.rodata*)
 .rodata.str1.4
                0x08000e94        0x4 c:/gnu tools arm embedded/4.9 2015q1/bin/../lib/gcc/arm-none-eabi/4.9.3/../../../../arm-none-eabi/lib/armv7e-m\libc.a(lib_a-impure.o)
 .rodata._global_impure_ptr
                0x08000e98        0x4 c:/gnu tools arm embedded/4.9 2015q1/bin/../lib/gcc/arm-none-eabi/4.9.3/../../../../arm-none-eabi/lib/armv7e-m\libc.a(lib_a-impure.o)
                0x08000e98                _global_impure_ptr
                0x08000e9c                . = ALIGN (0x4)

.rel.dyn        0x08000e9c        0x0
 .rel.iplt      0x00000000        0x0 c:/gnu tools arm embedded/4.9 2015q1/bin/../lib/gcc/arm-none-eabi/4.9.3/armv7e-m/crtbegin.o

.ARM.extab
 *(.ARM.extab* .gnu.linkonce.armextab.*)

.ARM            0x08000e9c        0x0
                0x08000e9c                __exidx_start = .
 *(.ARM.exidx*)
                0x08000e9c                __exidx_end = .

.preinit_array  0x08000e9c        0x0
                0x08000e9c                PROVIDE (__preinit_array_start, .)
 *(.preinit_array*)
                0x08000e9c                PROVIDE (__preinit_array_end, .)

.init_array     0x08000e9c        0x8
                0x08000e9c                PROVIDE (__init_array_start, .)
 *(SORT(.init_array.*))
 .init_array.00000
                0x08000e9c        0x4 c:/gnu tools arm embedded/4.9 2015q1/bin/../lib/gcc/arm-none-eabi/4.9.3/../../../../arm-none-eabi/lib/armv7e-m\libc.a(lib_a-__call_atexit.o)
 *(.init_array*)
 .init_array    0x08000ea0        0x4 c:/gnu tools arm embedded/4.9 2015q1/bin/../lib/gcc/arm-none-eabi/4.9.3/armv7e-m/crtbegin.o
                0x08000ea4                PROVIDE (__init_array_end, .)

.fini_array     0x08000ea4        0x4
                0x08000ea4                PROVIDE (__fini_array_start, .)
 *(SORT(.fini_array.*))
 *(.fini_array*)
 .fini_array    0x08000ea4        0x4 c:/gnu tools arm embedded/4.9 2015q1/bin/../lib/gcc/arm-none-eabi/4.9.3/armv7e-m/crtbegin.o
                0x08000ea8                PROVIDE (__fini_array_end, .)
                0x08000ea8                _sidata = LOADADDR (.data)

.data           0x20000000      0x440 load address 0x08000ea8
                0x20000000                . = ALIGN (0x4)
                0x20000000                _sdata = .
 *(.data)
 .data          0x20000000       0x14 ..\obj\system_stm32f4xx.o
                0x20000000                SystemCoreClock
                0x20000004                AHBPrescTable
 *(.data*)
 *fill*         0x20000014        0x4 
 .data.impure_data
                0x20000018      0x428 c:/gnu tools arm embedded/4.9 2015q1/bin/../lib/gcc/arm-none-eabi/4.9.3/../../../../arm-none-eabi/lib/armv7e-m\libc.a(lib_a-impure.o)
                0x20000440                . = ALIGN (0x4)
                0x20000440                _edata = .
                0x080012e8                _siccmram = LOADADDR (.ccmram)

.jcr            0x20000440        0x0 load address 0x080012e8
 .jcr           0x20000440        0x0 c:/gnu tools arm embedded/4.9 2015q1/bin/../lib/gcc/arm-none-eabi/4.9.3/armv7e-m/crtbegin.o

.igot.plt       0x20000440        0x0 load address 0x080012e8
 .igot.plt      0x00000000        0x0 c:/gnu tools arm embedded/4.9 2015q1/bin/../lib/gcc/arm-none-eabi/4.9.3/armv7e-m/crtbegin.o

.ccmram         0x10000000        0x0 load address 0x080012e8
                0x10000000                . = ALIGN (0x4)
                0x10000000                _sccmram = .
 *(.ccmram)
 *(.ccmram*)
                0x10000000                . = ALIGN (0x4)
                0x10000000                _eccmram = .
                0x10000000                . = ALIGN (0x4)

.bss            0x20000440       0x34
                0x20000440                _sbss = .
                0x20000440                __bss_start__ = _sbss
 *(.bss)
 .bss           0x20000440       0x1c c:/gnu tools arm embedded/4.9 2015q1/bin/../lib/gcc/arm-none-eabi/4.9.3/armv7e-m/crtbegin.o
 .bss           0x2000045c        0xc ..\obj\Time.o
                0x2000045c                counter
                0x20000460                currentTime
 .bss           0x20000468        0xc ..\obj\main.o
 *(.bss*)
 *(COMMON)
                0x20000474                . = ALIGN (0x4)
                0x20000474                _ebss = .
                0x20000474                __bss_end__ = _ebss

._user_heap_stack
                0x20000474      0x600
                0x20000474                . = ALIGN (0x4)
                0x20000474                PROVIDE (end, .)
                0x20000474                PROVIDE (_end, .)
                0x20000674                . = (. + _Min_Heap_Size)
 *fill*         0x20000474      0x200 
                0x20000a74                . = (. + _Min_Stack_Size)
 *fill*         0x20000674      0x400 
                0x20000a74                . = ALIGN (0x4)

/DISCARD/
 libc.a(*)
 libm.a(*)
 libgcc.a(*)

.ARM.attributes
                0x00000000       0x2a
 *(.ARM.attributes)
 .ARM.attributes
                0x00000000       0x1e c:/gnu tools arm embedded/4.9 2015q1/bin/../lib/gcc/arm-none-eabi/4.9.3/armv7e-m/crti.o
 .ARM.attributes
                0x0000001e       0x2e c:/gnu tools arm embedded/4.9 2015q1/bin/../lib/gcc/arm-none-eabi/4.9.3/armv7e-m/crtbegin.o
 .ARM.attributes
                0x0000004c       0x33 ..\obj\Button.o
 .ARM.attributes
                0x0000007f       0x33 ..\obj\system_stm32f4xx.o
 .ARM.attributes
                0x000000b2       0x33 ..\obj\Time.o
 .ARM.attributes
                0x000000e5       0x33 ..\obj\stm32f4xx_hal_gpio.o
 .ARM.attributes
                0x00000118       0x21 ..\obj\startup_stm32f429xx.o
 .ARM.attributes
                0x00000139       0x33 ..\obj\main.o
 .ARM.attributes
                0x0000016c       0x1e c:/gnu tools arm embedded/4.9 2015q1/bin/../lib/gcc/arm-none-eabi/4.9.3/armv7e-m/crtn.o
LOAD ..\obj\LED.o
LOAD ..\obj\LED3.o
LOAD ..\obj\stm32f4xx_hal_cortex.o
LOAD ..\obj\Button.o
LOAD ..\obj\system_stm32f4xx.o
LOAD ..\obj\stm32f4xx_hal.o
LOAD ..\obj\Time.o
LOAD ..\obj\LED1.o
LOAD ..\obj\stm32f4xx_hal_gpio.o
LOAD ..\obj\RunningLight.o
LOAD ..\obj\LED2.o
LOAD ..\obj\LiteTasker.o
LOAD ..\obj\stm32f4xx_hal_rcc.o
LOAD ..\obj\startup_stm32f429xx.o
LOAD ..\obj\main.o
START GROUP
LOAD c:/gnu tools arm embedded/4.9 2015q1/bin/../lib/gcc/arm-none-eabi/4.9.3/armv7e-m\libgcc.a
LOAD c:/gnu tools arm embedded/4.9 2015q1/bin/../lib/gcc/arm-none-eabi/4.9.3/../../../../arm-none-eabi/lib/armv7e-m\libg.a
LOAD c:/gnu tools arm embedded/4.9 2015q1/bin/../lib/gcc/arm-none-eabi/4.9.3/../../../../arm-none-eabi/lib/armv7e-m\libc.a
END GROUP
LOAD c:/gnu tools arm embedded/4.9 2015q1/bin/../lib/gcc/arm-none-eabi/4.9.3/armv7e-m/crtend.o
LOAD c:/gnu tools arm embedded/4.9 2015q1/bin/../lib/gcc/arm-none-eabi/4.9.3/armv7e-m/crtn.o
OUTPUT(Test01.elf elf32-littlearm)

.debug_info     0x00000000     0x1531
 .debug_info    0x00000000      0x1e6 ..\obj\Button.o
 .debug_info    0x000001e6      0x4b4 ..\obj\system_stm32f4xx.o
 .debug_info    0x0000069a      0x15f ..\obj\Time.o
 .debug_info    0x000007f9      0x712 ..\obj\stm32f4xx_hal_gpio.o
 .debug_info    0x00000f0b       0x63 ..\obj\startup_stm32f429xx.o
 .debug_info    0x00000f6e      0x5c3 ..\obj\main.o

.debug_abbrev   0x00000000      0x5eb
 .debug_abbrev  0x00000000       0xeb ..\obj\Button.o
 .debug_abbrev  0x000000eb       0xff ..\obj\system_stm32f4xx.o
 .debug_abbrev  0x000001ea       0xd5 ..\obj\Time.o
 .debug_abbrev  0x000002bf      0x1aa ..\obj\stm32f4xx_hal_gpio.o
 .debug_abbrev  0x00000469       0x12 ..\obj\startup_stm32f429xx.o
 .debug_abbrev  0x0000047b      0x170 ..\obj\main.o

.debug_aranges  0x00000000       0xc8
 .debug_aranges
                0x00000000       0x20 ..\obj\Button.o
 .debug_aranges
                0x00000020       0x20 ..\obj\system_stm32f4xx.o
 .debug_aranges
                0x00000040       0x20 ..\obj\Time.o
 .debug_aranges
                0x00000060       0x20 ..\obj\stm32f4xx_hal_gpio.o
 .debug_aranges
                0x00000080       0x28 ..\obj\startup_stm32f429xx.o
 .debug_aranges
                0x000000a8       0x20 ..\obj\main.o

.debug_line     0x00000000      0xa80
 .debug_line    0x00000000      0x1a2 ..\obj\Button.o
 .debug_line    0x000001a2      0x169 ..\obj\system_stm32f4xx.o
 .debug_line    0x0000030b      0x142 ..\obj\Time.o
 .debug_line    0x0000044d      0x3b7 ..\obj\stm32f4xx_hal_gpio.o
 .debug_line    0x00000804       0x82 ..\obj\startup_stm32f429xx.o
 .debug_line    0x00000886      0x1fa ..\obj\main.o

.debug_str      0x00000000      0x667
 .debug_str     0x00000000      0x196 ..\obj\Button.o
                                0x1e9 (size before relaxing)
 .debug_str     0x00000196      0x1e3 ..\obj\system_stm32f4xx.o
                                0x319 (size before relaxing)
 .debug_str     0x00000379       0x60 ..\obj\Time.o
                                0x1a9 (size before relaxing)
 .debug_str     0x000003d9      0x1d6 ..\obj\stm32f4xx_hal_gpio.o
                                0x4d3 (size before relaxing)
 .debug_str     0x000005af       0xb8 ..\obj\main.o
                                0x3cb (size before relaxing)

.comment        0x00000000       0x70
 .comment       0x00000000       0x70 ..\obj\Button.o
                                 0x71 (size before relaxing)
 .comment       0x00000000       0x71 ..\obj\system_stm32f4xx.o
 .comment       0x00000000       0x71 ..\obj\Time.o
 .comment       0x00000000       0x71 ..\obj\stm32f4xx_hal_gpio.o
 .comment       0x00000000       0x71 ..\obj\main.o

.debug_frame    0x00000000      0x2d0
 .debug_frame   0x00000000       0x34 ..\obj\Button.o
 .debug_frame   0x00000034       0x58 ..\obj\system_stm32f4xx.o
 .debug_frame   0x0000008c       0x80 ..\obj\Time.o
 .debug_frame   0x0000010c      0x14c ..\obj\stm32f4xx_hal_gpio.o
 .debug_frame   0x00000258       0x78 ..\obj\main.o

.debug_ranges   0x00000000       0x20
 .debug_ranges  0x00000000       0x20 ..\obj\startup_stm32f429xx.o
